
===== 开始运行 soc-step=22.5 =====
正式评价区间：2025-02-01 至 2025-12-31
正式评价天数：334
未纳入正式评价的预热日期：31天
日末库存价值系数：0.481548 元/kWh
预测安全修正：负荷×1.050，非夏季光伏×0.900，7至9月光伏×1.050
预测时间衰减系数：0.900
分解预测设置：同类型日最少3天，日总量趋势截断0.200，光伏最近7天
滚动偏差校准：回看30天，强度0.500
动态分位数：常规[0.5, 0.6, 0.7, 0.75, 0.8, 0.85, 0.9]，高风险[0.85, 0.9, 0.95]
滚动最优分位数：回看30天，最少历史7天，临时购电惩罚×5.0
2025-02-01完成 | 滚动常规 | q=0.90 | SOC：6000.0->10785.0 | 临时购电：8.0kWh | 总费用：32402.80元
2025-02-02完成 | 滚动常规 | q=0.90 | SOC：10785.0->10785.0 | 临时购电：1.2kWh | 总费用：67377.68元
2025-02-03完成 | 滚动常规 | q=0.90 | SOC：10785.0->10785.0 | 临时购电：0.6kWh | 总费用：67043.02元
2025-02-04完成 | 滚动常规 | q=0.90 | SOC：10785.0->10785.0 | 临时购电：0.0kWh | 总费用：68484.95元
2025-02-05完成 | 滚动常规 | q=0.85 | SOC：10785.0->10785.0 | 临时购电：1.3kWh | 总费用：67902.28元
2025-02-06完成 | 滚动常规 | q=0.85 | SOC：10785.0->10785.0 | 临时购电：6.2kWh | 总费用：67682.26元
2025-02-07完成 | 滚动常规 | q=0.85 | SOC：10785.0->10785.0 | 临时购电：1.5kWh | 总费用：29135.92元
2025-02-08完成 | 滚动常规 | q=0.85 | SOC：10785.0->10785.0 | 临时购电：11.3kWh | 总费用：26654.58元
2025-02-09完成 | 滚动常规 | q=0.85 | SOC：10785.0->10785.0 | 临时购电：2.1kWh | 总费用：64464.38元
2025-02-10完成 | 滚动常规 | q=0.85 | SOC：10785.0->10785.0 | 临时购电：2.1kWh | 总费用：63968.93元
2025-02-11完成 | 滚动常规 | q=0.85 | SOC：10785.0->10672.5 | 临时购电：0.9kWh | 总费用：61575.68元
2025-02-12完成 | 滚动常规 | q=0.70 | SOC：10672.5->10785.0 | 临时购电：8.8kWh | 总费用：62027.39元
2025-02-13完成 | 滚动常规 | q=0.70 | SOC：10785.0->10785.0 | 临时购电：3.3kWh | 总费用：62028.18元
2025-02-14完成 | 滚动常规 | q=0.70 | SOC：10785.0->10717.5 | 临时购电：17.2kWh | 总费用：24124.01元
2025-02-15完成 | 滚动常规 | q=0.70 | SOC：10717.5->10717.5 | 临时购电：15.0kWh | 总费用：23631.87元
2025-02-16完成 | 滚动常规 | q=0.70 | SOC：10717.5->10785.0 | 临时购电：7.5kWh | 总费用：60911.80元
2025-02-17完成 | 滚动常规 | q=0.70 | SOC：10785.0->10672.5 | 临时购电：5.3kWh | 总费用：60170.55元
2025-02-18完成 | 滚动常规 | q=0.70 | SOC：10672.5->10785.0 | 临时购电：5.1kWh | 总费用：59855.94元
2025-02-19完成 | 滚动常规 | q=0.70 | SOC：10785.0->10537.5 | 临时购电：18.4kWh | 总费用：58323.44元
2025-02-20完成 | 滚动常规 | q=0.70 | SOC：10537.5->10785.0 | 临时购电：18.3kWh | 总费用：60820.25元
2025-02-21完成 | 滚动常规 | q=0.70 | SOC：10785.0->10785.0 | 临时购电：15.9kWh | 总费用：23308.14元
2025-02-22完成 | 滚动常规 | q=0.70 | SOC：10785.0->10785.0 | 临时购电：30.6kWh | 总费用：22357.75元
2025-02-23完成 | 滚动常规 | q=0.70 | SOC：10785.0->10672.5 | 临时购电：2.3kWh | 总费用：57951.62元
2025-02-24完成 | 滚动常规 | q=0.70 | SOC：10672.5->10762.5 | 临时购电：7.5kWh | 总费用：58423.31元
2025-02-25完成 | 滚动常规 | q=0.70 | SOC：10762.5->10785.0 | 临时购电：9.7kWh | 总费用：59468.12元
2025-02-26完成 | 滚动常规 | q=0.70 | SOC：10785.0->10785.0 | 临时购电：16.3kWh | 总费用：56902.50元
2025-02-27完成 | 滚动常规 | q=0.70 | SOC：10785.0->10785.0 | 临时购电：11.2kWh | 总费用：57795.21元
2025-02-28完成 | 滚动常规 | q=0.70 | SOC：10785.0->10762.5 | 临时购电：41.2kWh | 总费用：21708.10元
2025-03-01完成 | 滚动常规 | q=0.70 | SOC：10762.5->10762.5 | 临时购电：48.5kWh | 总费用：20680.04元
2025-03-02完成 | 滚动常规 | q=0.70 | SOC：10762.5->10672.5 | 临时购电：12.9kWh | 总费用：55831.97元
2025-03-03完成 | 滚动常规 | q=0.70 | SOC：10672.5->10672.5 | 临时购电：28.2kWh | 总费用：56325.48元
2025-03-04完成 | 滚动常规 | q=0.70 | SOC：10672.5->10785.0 | 临时购电：6.6kWh | 总费用：59132.36元
2025-03-05完成 | 滚动常规 | q=0.70 | SOC：10785.0->10695.0 | 临时购电：12.5kWh | 总费用：57767.09元
2025-03-06完成 | 滚动常规 | q=0.70 | SOC：10695.0->10785.0 | 临时购电：23.3kWh | 总费用：57199.66元
2025-03-07完成 | 滚动常规 | q=0.70 | SOC：10785.0->10785.0 | 临时购电：29.0kWh | 总费用：21778.87元
2025-03-08完成 | 滚动常规 | q=0.70 | SOC：10785.0->10672.5 | 临时购电：52.4kWh | 总费用：20107.58元
2025-03-09完成 | 滚动常规 | q=0.70 | SOC：10672.5->10695.0 | 临时购电：10.7kWh | 总费用：54847.74元
2025-03-10完成 | 滚动常规 | q=0.70 | SOC：10695.0->10717.5 | 临时购电：3.2kWh | 总费用：52067.85元
2025-03-11完成 | 滚动常规 | q=0.70 | SOC：10717.5->10785.0 | 临时购电：21.7kWh | 总费用：53314.43元
2025-03-12完成 | 滚动常规 | q=0.70 | SOC：10785.0->10627.5 | 临时购电：20.4kWh | 总费用：53316.75元
2025-03-13完成 | 滚动常规 | q=0.70 | SOC：10627.5->10492.5 | 临时购电：36.8kWh | 总费用：52073.57元
2025-03-14完成 | 滚动常规 | q=0.70 | SOC：10492.5->10560.0 | 临时购电：63.1kWh | 总费用：18868.00元
2025-03-15完成 | 滚动常规 | q=0.70 | SOC：10560.0->10335.0 | 临时购电：64.5kWh | 总费用：19396.84元
2025-03-16完成 | 滚动常规 | q=0.70 | SOC：10335.0->10785.0 | 临时购电：18.3kWh | 总费用：53529.29元
2025-03-17完成 | 滚动常规 | q=0.70 | SOC：10785.0->10785.0 | 临时购电：4.0kWh | 总费用：50865.27元
2025-03-18完成 | 滚动常规 | q=0.70 | SOC：10785.0->10785.0 | 临时购电：18.5kWh | 总费用：50481.78元
2025-03-19完成 | 滚动常规 | q=0.70 | SOC：10785.0->10785.0 | 临时购电：8.0kWh | 总费用：51063.38元
2025-03-20完成 | 滚动常规 | q=0.70 | SOC：10785.0->10695.0 | 临时购电：4.5kWh | 总费用：50348.79元
2025-03-21完成 | 滚动常规 | q=0.70 | SOC：10695.0->10537.5 | 临时购电：47.5kWh | 总费用：18615.71元
2025-03-22完成 | 滚动常规 | q=0.70 | SOC：10537.5->10785.0 | 临时购电：66.2kWh | 总费用：19071.72元
2025-03-23完成 | 滚动常规 | q=0.70 | SOC：10785.0->10762.5 | 临时购电：17.3kWh | 总费用：49943.86元
2025-03-24完成 | 滚动常规 | q=0.70 | SOC：10762.5->10785.0 | 临时购电：9.6kWh | 总费用：50523.49元
2025-03-25完成 | 滚动常规 | q=0.70 | SOC：10785.0->10605.0 | 临时购电：22.8kWh | 总费用：47668.83元
2025-03-26完成 | 滚动常规 | q=0.70 | SOC：10605.0->10717.5 | 临时购电：10.8kWh | 总费用：48217.86元
2025-03-27完成 | 滚动常规 | q=0.70 | SOC：10717.5->10740.0 | 临时购电：27.4kWh | 总费用：47199.66元
2025-03-28完成 | 滚动常规 | q=0.70 | SOC：10740.0->10785.0 | 临时购电：31.5kWh | 总费用：18453.05元
2025-03-29完成 | 滚动常规 | q=0.70 | SOC：10785.0->10785.0 | 临时购电：41.8kWh | 总费用：17828.38元
2025-03-30完成 | 滚动常规 | q=0.70 | SOC：10785.0->10785.0 | 临时购电：22.2kWh | 总费用：47954.34元
2025-03-31完成 | 滚动常规 | q=0.70 | SOC：10785.0->10785.0 | 临时购电：17.6kWh | 总费用：48644.70元
2025-04-01完成 | 滚动常规 | q=0.70 | SOC：10785.0->10785.0 | 临时购电：21.2kWh | 总费用：46992.87元
2025-04-02完成 | 滚动常规 | q=0.70 | SOC：10785.0->10785.0 | 临时购电：14.6kWh | 总费用：47519.49元
2025-04-03完成 | 滚动常规 | q=0.70 | SOC：10785.0->10785.0 | 临时购电：22.1kWh | 总费用：47511.83元
2025-04-04完成 | 滚动常规 | q=0.70 | SOC：10785.0->10785.0 | 临时购电：39.5kWh | 总费用：17602.23元
2025-04-05完成 | 滚动常规 | q=0.70 | SOC：10785.0->10785.0 | 临时购电：27.8kWh | 总费用：17336.04元
2025-04-06完成 | 滚动常规 | q=0.70 | SOC：10785.0->10695.0 | 临时购电：7.8kWh | 总费用：48216.72元
2025-04-07完成 | 滚动常规 | q=0.70 | SOC：10695.0->10785.0 | 临时购电：13.2kWh | 总费用：45750.35元
2025-04-08完成 | 滚动常规 | q=0.70 | SOC：10785.0->10785.0 | 临时购电：11.8kWh | 总费用：45523.05元
2025-04-09完成 | 滚动常规 | q=0.70 | SOC：10785.0->10785.0 | 临时购电：16.4kWh | 总费用：45070.98元
2025-04-10完成 | 滚动常规 | q=0.70 | SOC：10785.0->10785.0 | 临时购电：20.6kWh | 总费用：46429.52元
2025-04-11完成 | 滚动常规 | q=0.70 | SOC：10785.0->10785.0 | 临时购电：13.0kWh | 总费用：16715.63元
2025-04-12完成 | 滚动常规 | q=0.70 | SOC：10785.0->10785.0 | 临时购电：17.6kWh | 总费用：17166.88元
2025-04-13完成 | 滚动常规 | q=0.70 | SOC：10785.0->10762.5 | 临时购电：28.7kWh | 总费用：44775.79元
2025-04-14完成 | 滚动常规 | q=0.70 | SOC：10762.5->10717.5 | 临时购电：32.8kWh | 总费用：44319.58元
2025-04-15完成 | 滚动常规 | q=0.70 | SOC：10717.5->10785.0 | 临时购电：19.9kWh | 总费用：44867.88元
2025-04-16完成 | 滚动常规 | q=0.70 | SOC：10785.0->10785.0 | 临时购电：12.5kWh | 总费用：43243.33元
2025-04-17完成 | 滚动常规 | q=0.70 | SOC：10785.0->10785.0 | 临时购电：11.1kWh | 总费用：44083.48元
2025-04-18完成 | 滚动常规 | q=0.70 | SOC：10785.0->10785.0 | 临时购电：27.0kWh | 总费用：16396.58元
2025-04-19完成 | 滚动常规 | q=0.70 | SOC：10785.0->10785.0 | 临时购电：29.9kWh | 总费用：16416.74元
2025-04-20完成 | 滚动常规 | q=0.70 | SOC：10785.0->10785.0 | 临时购电：12.3kWh | 总费用：42938.74元
2025-04-21完成 | 滚动常规 | q=0.70 | SOC：10785.0->10717.5 | 临时购电：27.5kWh | 总费用：44045.96元
2025-04-22完成 | 滚动常规 | q=0.70 | SOC：10717.5->10785.0 | 临时购电：11.7kWh | 总费用：44273.82元
2025-04-23完成 | 滚动常规 | q=0.70 | SOC：10785.0->10785.0 | 临时购电：14.2kWh | 总费用：42919.81元
2025-04-24完成 | 滚动常规 | q=0.70 | SOC：10785.0->10785.0 | 临时购电：10.9kWh | 总费用：42442.65元
2025-04-25完成 | 滚动常规 | q=0.70 | SOC：10785.0->10785.0 | 临时购电：41.0kWh | 总费用：15398.07元
2025-04-26完成 | 滚动常规 | q=0.70 | SOC：10785.0->10785.0 | 临时购电：19.5kWh | 总费用：15541.79元
2025-04-27完成 | 滚动常规 | q=0.70 | SOC：10785.0->10785.0 | 临时购电：17.6kWh | 总费用：39975.84元
2025-04-28完成 | 滚动常规 | q=0.70 | SOC：10785.0->10785.0 | 临时购电：15.2kWh | 总费用：42415.40元
2025-04-29完成 | 滚动常规 | q=0.70 | SOC：10785.0->10785.0 | 临时购电：13.9kWh | 总费用：42335.65元
2025-04-30完成 | 滚动常规 | q=0.70 | SOC：10785.0->10762.5 | 临时购电：12.5kWh | 总费用：42526.98元
2025-05-01完成 | 滚动常规 | q=0.70 | SOC：10762.5->9817.5 | 临时购电：588.7kWh | 总费用：45571.96元
2025-05-02完成 | 滚动常规 | q=0.70 | SOC：9817.5->9885.0 | 临时购电：691.6kWh | 总费用：19797.66元
2025-05-03完成 | 滚动常规 | q=0.70 | SOC：9885.0->10042.5 | 临时购电：873.7kWh | 总费用：20571.91元
2025-05-04完成 | 滚动常规 | q=0.70 | SOC：10042.5->9907.5 | 临时购电：584.7kWh | 总费用：45711.82元
2025-05-05完成 | 滚动常规 | q=0.70 | SOC：9907.5->10042.5 | 临时购电：338.5kWh | 总费用：43708.73元
2025-05-06完成 | 滚动常规 | q=0.70 | SOC：10042.5->9817.5 | 临时购电：380.5kWh | 总费用：44133.22元
2025-05-07完成 | 滚动常规 | q=0.70 | SOC：9817.5->9997.5 | 临时购电：438.7kWh | 总费用：47002.25元
2025-05-08完成 | 滚动常规 | q=0.70 | SOC：9997.5->10132.5 | 临时购电：83.0kWh | 总费用：45750.82元
2025-05-09完成 | 滚动常规 | q=0.70 | SOC：10132.5->10177.5 | 临时购电：42.1kWh | 总费用：17065.70元
2025-05-10完成 | 滚动常规 | q=0.70 | SOC：10177.5->10042.5 | 临时购电：110.6kWh | 总费用：17302.82元
2025-05-11完成 | 滚动常规 | q=0.70 | SOC：10042.5->10200.0 | 临时购电：201.0kWh | 总费用：46516.74元
2025-05-12完成 | 滚动常规 | q=0.70 | SOC：10200.0->10492.5 | 临时购电：21.9kWh | 总费用：44694.24元
2025-05-13完成 | 滚动常规 | q=0.70 | SOC：10492.5->10492.5 | 临时购电：35.7kWh | 总费用：45093.34元
2025-05-14完成 | 滚动常规 | q=0.70 | SOC：10492.5->10402.5 | 临时购电：28.9kWh | 总费用：44758.39元
2025-05-15完成 | 滚动常规 | q=0.70 | SOC：10402.5->10785.0 | 临时购电：20.5kWh | 总费用：44448.78元
2025-05-16完成 | 滚动常规 | q=0.70 | SOC：10785.0->10785.0 | 临时购电：16.4kWh | 总费用：16933.39元
2025-05-17完成 | 滚动常规 | q=0.70 | SOC：10785.0->10627.5 | 临时购电：38.7kWh | 总费用：17138.10元
2025-05-18完成 | 滚动常规 | q=0.70 | SOC：10627.5->10785.0 | 临时购电：18.2kWh | 总费用：43466.53元
2025-05-19完成 | 滚动常规 | q=0.70 | SOC：10785.0->10627.5 | 临时购电：74.2kWh | 总费用：43955.88元
2025-05-20完成 | 滚动常规 | q=0.70 | SOC：10627.5->10582.5 | 临时购电：28.6kWh | 总费用：41975.76元
2025-05-21完成 | 滚动常规 | q=0.70 | SOC：10582.5->10785.0 | 临时购电：24.0kWh | 总费用：42745.57元
2025-05-22完成 | 滚动常规 | q=0.70 | SOC：10785.0->10785.0 | 临时购电：12.9kWh | 总费用：42533.03元
2025-05-23完成 | 滚动常规 | q=0.70 | SOC：10785.0->10785.0 | 临时购电：31.0kWh | 总费用：17571.92元
2025-05-24完成 | 滚动常规 | q=0.70 | SOC：10785.0->10785.0 | 临时购电：38.2kWh | 总费用：17843.49元
2025-05-25完成 | 滚动常规 | q=0.70 | SOC：10785.0->10785.0 | 临时购电：4.2kWh | 总费用：42625.71元
2025-05-26完成 | 滚动常规 | q=0.70 | SOC：10785.0->10785.0 | 临时购电：20.5kWh | 总费用：43978.27元
2025-05-27完成 | 滚动常规 | q=0.70 | SOC：10785.0->10785.0 | 临时购电：26.9kWh | 总费用：42826.98元
2025-05-28完成 | 滚动常规 | q=0.70 | SOC：10785.0->10785.0 | 临时购电：12.3kWh | 总费用：42404.64元
2025-05-29完成 | 滚动常规 | q=0.70 | SOC：10785.0->10785.0 | 临时购电：13.2kWh | 总费用：43061.54元
2025-05-30完成 | 滚动常规 | q=0.70 | SOC：10785.0->10785.0 | 临时购电：15.0kWh | 总费用：17878.02元
2025-05-31完成 | 滚动常规 | q=0.70 | SOC：10785.0->10740.0 | 临时购电：38.5kWh | 总费用：18061.91元
2025-06-01完成 | 滚动常规 | q=0.70 | SOC：10740.0->9570.0 | 临时购电：2291.9kWh | 总费用：56293.42元
2025-06-02完成 | 滚动高风险 | q=0.85 | SOC：9570.0->9637.5 | 临时购电：1391.2kWh | 总费用：56177.48元
2025-06-03完成 | 滚动高风险 | q=0.85 | SOC：9637.5->9885.0 | 临时购电：258.9kWh | 总费用：51107.98元
2025-06-04完成 | 滚动高风险 | q=0.85 | SOC：9885.0->9795.0 | 临时购电：265.5kWh | 总费用：51842.36元
2025-06-05完成 | 滚动高风险 | q=0.85 | SOC：9795.0->9907.5 | 临时购电：293.1kWh | 总费用：53262.98元
2025-06-06完成 | 滚动常规 | q=0.70 | SOC：9907.5->9525.0 | 临时购电：4124.4kWh | 总费用：39128.04元
2025-06-07完成 | 滚动高风险 | q=0.85 | SOC：9525.0->10020.0 | 临时购电：348.9kWh | 总费用：24178.59元
2025-06-08完成 | 滚动高风险 | q=0.85 | SOC：10020.0->10785.0 | 临时购电：15.6kWh | 总费用：61477.06元
2025-06-09完成 | 滚动高风险 | q=0.85 | SOC：10785.0->10785.0 | 临时购电：26.2kWh | 总费用：59037.80元
2025-06-10完成 | 滚动常规 | q=0.75 | SOC：10785.0->10492.5 | 临时购电：38.5kWh | 总费用：55350.32元
2025-06-11完成 | 滚动常规 | q=0.75 | SOC：10492.5->10515.0 | 临时购电：67.8kWh | 总费用：55473.00元
2025-06-12完成 | 滚动常规 | q=0.75 | SOC：10515.0->10762.5 | 临时购电：34.8kWh | 总费用：56636.00元
2025-06-13完成 | 滚动常规 | q=0.75 | SOC：10762.5->10425.0 | 临时购电：146.9kWh | 总费用：22184.16元
2025-06-14完成 | 滚动常规 | q=0.75 | SOC：10425.0->10740.0 | 临时购电：153.3kWh | 总费用：23278.63元
2025-06-15完成 | 滚动常规 | q=0.75 | SOC：10740.0->10785.0 | 临时购电：10.0kWh | 总费用：59118.48元
2025-06-16完成 | 滚动常规 | q=0.75 | SOC：10785.0->10785.0 | 临时购电：18.6kWh | 总费用：59282.05元
2025-06-17完成 | 滚动常规 | q=0.75 | SOC：10785.0->10785.0 | 临时购电：52.1kWh | 总费用：57887.07元
2025-06-18完成 | 滚动常规 | q=0.75 | SOC：10785.0->10785.0 | 临时购电：14.1kWh | 总费用：58117.10元
2025-06-19完成 | 滚动常规 | q=0.75 | SOC：10785.0->10785.0 | 临时购电：20.8kWh | 总费用：59244.60元
2025-06-20完成 | 滚动常规 | q=0.75 | SOC：10785.0->10785.0 | 临时购电：76.0kWh | 总费用：24395.40元
2025-06-21完成 | 滚动常规 | q=0.75 | SOC：10785.0->10785.0 | 临时购电：108.7kWh | 总费用：24858.07元
2025-06-22完成 | 滚动常规 | q=0.75 | SOC：10785.0->10785.0 | 临时购电：14.0kWh | 总费用：57200.89元
2025-06-23完成 | 滚动常规 | q=0.75 | SOC：10785.0->10785.0 | 临时购电：9.9kWh | 总费用：56077.23元
2025-06-24完成 | 滚动常规 | q=0.75 | SOC：10785.0->10785.0 | 临时购电：78.2kWh | 总费用：55565.34元
2025-06-25完成 | 滚动常规 | q=0.75 | SOC：10785.0->10785.0 | 临时购电：11.1kWh | 总费用：56040.91元
2025-06-26完成 | 滚动常规 | q=0.75 | SOC：10785.0->10785.0 | 临时购电：9.4kWh | 总费用：56867.22元
2025-06-27完成 | 滚动常规 | q=0.75 | SOC：10785.0->10785.0 | 临时购电：83.7kWh | 总费用：23704.89元
2025-06-28完成 | 滚动常规 | q=0.75 | SOC：10785.0->10785.0 | 临时购电：87.3kWh | 总费用：24071.96元
2025-06-29完成 | 滚动常规 | q=0.75 | SOC：10785.0->10785.0 | 临时购电：18.3kWh | 总费用：56681.31元
2025-06-30完成 | 滚动常规 | q=0.75 | SOC：10785.0->10740.0 | 临时购电：11.4kWh | 总费用：56865.10元
2025-07-01完成 | 滚动常规 | q=0.75 | SOC：10740.0->9682.5 | 临时购电：3157.8kWh | 总费用：64420.87元
2025-07-02完成 | 滚动高风险 | q=0.85 | SOC：9682.5->9817.5 | 临时购电：582.3kWh | 总费用：55814.09元
2025-07-03完成 | 滚动高风险 | q=0.85 | SOC：9817.5->9907.5 | 临时购电：2354.1kWh | 总费用：63693.07元
2025-07-04完成 | 滚动高风险 | q=0.85 | SOC：9907.5->9615.0 | 临时购电：2423.1kWh | 总费用：33218.92元
2025-07-05完成 | 滚动高风险 | q=0.85 | SOC：9615.0->9750.0 | 临时购电：2960.7kWh | 总费用：37075.25元
2025-07-06完成 | 滚动高风险 | q=0.85 | SOC：9750.0->9795.0 | 临时购电：6286.9kWh | 总费用：77293.45元
2025-07-07完成 | 滚动高风险 | q=0.85 | SOC：9795.0->9727.5 | 临时购电：533.1kWh | 总费用：51988.02元
2025-07-08完成 | 滚动高风险 | q=0.85 | SOC：9727.5->10785.0 | 临时购电：16.6kWh | 总费用：59980.13元
2025-07-09完成 | 滚动高风险 | q=0.85 | SOC：10785.0->10785.0 | 临时购电：11.4kWh | 总费用：61306.77元
2025-07-10完成 | 滚动常规 | q=0.75 | SOC：10785.0->10650.0 | 临时购电：77.9kWh | 总费用：54716.69元
2025-07-11完成 | 滚动常规 | q=0.75 | SOC：10650.0->10672.5 | 临时购电：165.2kWh | 总费用：27242.33元
2025-07-12完成 | 滚动常规 | q=0.75 | SOC：10672.5->10515.0 | 临时购电：53.7kWh | 总费用：26635.17元
2025-07-13完成 | 滚动常规 | q=0.80 | SOC：10515.0->10785.0 | 临时购电：34.8kWh | 总费用：55018.77元
2025-07-14完成 | 滚动常规 | q=0.80 | SOC：10785.0->10785.0 | 临时购电：31.9kWh | 总费用：55539.77元
2025-07-15完成 | 滚动常规 | q=0.80 | SOC：10785.0->10785.0 | 临时购电：21.9kWh | 总费用：57020.44元
2025-07-16完成 | 滚动常规 | q=0.80 | SOC：10785.0->10785.0 | 临时购电：31.3kWh | 总费用：55209.38元
2025-07-17完成 | 滚动常规 | q=0.80 | SOC：10785.0->10785.0 | 临时购电：23.5kWh | 总费用：54500.93元
2025-07-18完成 | 滚动常规 | q=0.80 | SOC：10785.0->10785.0 | 临时购电：145.5kWh | 总费用：28187.92元
2025-07-19完成 | 滚动常规 | q=0.80 | SOC：10785.0->10785.0 | 临时购电：15.6kWh | 总费用：28026.55元
2025-07-20完成 | 滚动常规 | q=0.80 | SOC：10785.0->10785.0 | 临时购电：16.5kWh | 总费用：56583.84元
2025-07-21完成 | 滚动常规 | q=0.80 | SOC：10785.0->10785.0 | 临时购电：18.6kWh | 总费用：55931.66元
2025-07-22完成 | 滚动常规 | q=0.80 | SOC：10785.0->10785.0 | 临时购电：23.2kWh | 总费用：57664.20元
2025-07-23完成 | 滚动常规 | q=0.80 | SOC：10785.0->10785.0 | 临时购电：25.9kWh | 总费用：56683.02元
2025-07-24完成 | 滚动常规 | q=0.80 | SOC：10785.0->10785.0 | 临时购电：100.1kWh | 总费用：56274.13元
2025-07-25完成 | 滚动常规 | q=0.80 | SOC：10785.0->10785.0 | 临时购电：110.7kWh | 总费用：28036.03元
2025-07-26完成 | 滚动常规 | q=0.80 | SOC：10785.0->10785.0 | 临时购电：39.0kWh | 总费用：28294.78元
2025-07-27完成 | 滚动常规 | q=0.80 | SOC：10785.0->10785.0 | 临时购电：361.7kWh | 总费用：57755.43元
2025-07-28完成 | 滚动常规 | q=0.80 | SOC：10785.0->10785.0 | 临时购电：458.0kWh | 总费用：56448.63元
2025-07-29完成 | 滚动常规 | q=0.80 | SOC：10785.0->10785.0 | 临时购电：26.7kWh | 总费用：57503.46元
2025-07-30完成 | 滚动常规 | q=0.80 | SOC：10785.0->10785.0 | 临时购电：23.8kWh | 总费用：55657.19元
2025-07-31完成 | 滚动常规 | q=0.80 | SOC：10785.0->10785.0 | 临时购电：19.9kWh | 总费用：56496.54元
2025-08-01完成 | 滚动常规 | q=0.80 | SOC：10785.0->10785.0 | 临时购电：21.1kWh | 总费用：27368.01元
2025-08-02完成 | 滚动常规 | q=0.80 | SOC：10785.0->10785.0 | 临时购电：8.9kWh | 总费用：27389.73元
2025-08-03完成 | 滚动常规 | q=0.80 | SOC：10785.0->10785.0 | 临时购电：11.1kWh | 总费用：53154.87元
2025-08-04完成 | 滚动常规 | q=0.80 | SOC：10785.0->10785.0 | 临时购电：14.2kWh | 总费用：50573.26元
2025-08-05完成 | 滚动常规 | q=0.75 | SOC：10785.0->10785.0 | 临时购电：9.5kWh | 总费用：49569.93元
2025-08-06完成 | 滚动常规 | q=0.75 | SOC：10785.0->10785.0 | 临时购电：890.7kWh | 总费用：52142.21元
2025-08-07完成 | 滚动常规 | q=0.75 | SOC：10785.0->10785.0 | 临时购电：21.9kWh | 总费用：47903.45元
2025-08-08完成 | 滚动常规 | q=0.75 | SOC：10785.0->10785.0 | 临时购电：27.9kWh | 总费用：26062.94元
2025-08-09完成 | 滚动常规 | q=0.75 | SOC：10785.0->10785.0 | 临时购电：151.2kWh | 总费用：26179.25元
2025-08-10完成 | 滚动常规 | q=0.75 | SOC：10785.0->10785.0 | 临时购电：45.2kWh | 总费用：49899.12元
2025-08-11完成 | 滚动常规 | q=0.75 | SOC：10785.0->10785.0 | 临时购电：29.5kWh | 总费用：50423.50元
2025-08-12完成 | 滚动常规 | q=0.70 | SOC：10785.0->10785.0 | 临时购电：241.1kWh | 总费用：49194.94元
2025-08-13完成 | 滚动常规 | q=0.70 | SOC：10785.0->10785.0 | 临时购电：129.8kWh | 总费用：48370.11元
2025-08-14完成 | 滚动常规 | q=0.70 | SOC：10785.0->10785.0 | 临时购电：75.5kWh | 总费用：49984.07元
2025-08-15完成 | 滚动常规 | q=0.70 | SOC：10785.0->10785.0 | 临时购电：63.0kWh | 总费用：25273.07元
2025-08-16完成 | 滚动常规 | q=0.70 | SOC：10785.0->10785.0 | 临时购电：37.9kWh | 总费用：25262.57元
2025-08-17完成 | 滚动常规 | q=0.70 | SOC：10785.0->10785.0 | 临时购电：48.2kWh | 总费用：49160.85元
2025-08-18完成 | 滚动常规 | q=0.70 | SOC：10785.0->10785.0 | 临时购电：39.7kWh | 总费用：50332.11元
2025-08-19完成 | 滚动常规 | q=0.70 | SOC：10785.0->10785.0 | 临时购电：46.1kWh | 总费用：48477.88元
2025-08-20完成 | 滚动常规 | q=0.70 | SOC：10785.0->10785.0 | 临时购电：2142.0kWh | 总费用：56319.65元
2025-08-21完成 | 滚动高风险 | q=0.85 | SOC：10785.0->10785.0 | 临时购电：24.8kWh | 总费用：52852.11元
2025-08-22完成 | 滚动高风险 | q=0.85 | SOC：10785.0->10785.0 | 临时购电：114.9kWh | 总费用：27028.51元
2025-08-23完成 | 滚动高风险 | q=0.85 | SOC：10785.0->10785.0 | 临时购电：10.8kWh | 总费用：26682.72元
2025-08-24完成 | 滚动常规 | q=0.70 | SOC：10785.0->10785.0 | 临时购电：71.3kWh | 总费用：49060.30元
2025-08-25完成 | 滚动常规 | q=0.70 | SOC：10785.0->10785.0 | 临时购电：1281.7kWh | 总费用：54396.59元
2025-08-26完成 | 滚动高风险 | q=0.85 | SOC：10785.0->10785.0 | 临时购电：35.2kWh | 总费用：52963.79元
2025-08-27完成 | 滚动高风险 | q=0.85 | SOC：10785.0->10785.0 | 临时购电：19.8kWh | 总费用：51862.19元
2025-08-28完成 | 滚动高风险 | q=0.85 | SOC：10785.0->10785.0 | 临时购电：67.7kWh | 总费用：53288.44元
2025-08-29完成 | 滚动常规 | q=0.70 | SOC：10785.0->10785.0 | 临时购电：217.8kWh | 总费用：27142.24元
2025-08-30完成 | 滚动常规 | q=0.70 | SOC：10785.0->10785.0 | 临时购电：47.0kWh | 总费用：26414.39元
2025-08-31完成 | 滚动常规 | q=0.70 | SOC：10785.0->10785.0 | 临时购电：131.5kWh | 总费用：49510.72元
2025-09-01完成 | 滚动常规 | q=0.70 | SOC：10785.0->10785.0 | 临时购电：9.3kWh | 总费用：47551.36元
2025-09-02完成 | 滚动常规 | q=0.70 | SOC：10785.0->10785.0 | 临时购电：20.8kWh | 总费用：48600.79元
2025-09-03完成 | 滚动常规 | q=0.70 | SOC：10785.0->10785.0 | 临时购电：5.6kWh | 总费用：48139.68元
2025-09-04完成 | 滚动常规 | q=0.70 | SOC：10785.0->10785.0 | 临时购电：12.1kWh | 总费用：48087.84元
2025-09-05完成 | 滚动常规 | q=0.70 | SOC：10785.0->10785.0 | 临时购电：1.5kWh | 总费用：25550.09元
2025-09-06完成 | 滚动常规 | q=0.70 | SOC：10785.0->10785.0 | 临时购电：12.4kWh | 总费用：26091.97元
2025-09-07完成 | 滚动常规 | q=0.70 | SOC：10785.0->10785.0 | 临时购电：70.6kWh | 总费用：47789.84元
2025-09-08完成 | 滚动常规 | q=0.70 | SOC：10785.0->10785.0 | 临时购电：3081.8kWh | 总费用：53405.71元
2025-09-09完成 | 滚动高风险 | q=0.85 | SOC：10785.0->10785.0 | 临时购电：14.1kWh | 总费用：46805.91元
2025-09-10完成 | 滚动高风险 | q=0.85 | SOC：10785.0->10785.0 | 临时购电：2020.7kWh | 总费用：54246.71元
2025-09-11完成 | 滚动高风险 | q=0.85 | SOC：10785.0->10785.0 | 临时购电：26.1kWh | 总费用：47308.26元
2025-09-12完成 | 滚动高风险 | q=0.85 | SOC：10785.0->10785.0 | 临时购电：68.0kWh | 总费用：24028.79元
2025-09-13完成 | 滚动高风险 | q=0.85 | SOC：10785.0->10785.0 | 临时购电：8.3kWh | 总费用：24568.62元
2025-09-14完成 | 滚动常规 | q=0.75 | SOC：10785.0->10785.0 | 临时购电：2812.0kWh | 总费用：53449.26元
2025-09-15完成 | 滚动高风险 | q=0.85 | SOC：10785.0->10785.0 | 临时购电：29.1kWh | 总费用：48490.35元
2025-09-16完成 | 滚动高风险 | q=0.85 | SOC：10785.0->10785.0 | 临时购电：47.3kWh | 总费用：48305.29元
2025-09-17完成 | 滚动高风险 | q=0.85 | SOC：10785.0->10785.0 | 临时购电：127.0kWh | 总费用：48771.09元
2025-09-18完成 | 滚动常规 | q=0.75 | SOC：10785.0->10785.0 | 临时购电：195.7kWh | 总费用：48172.28元
2025-09-19完成 | 滚动常规 | q=0.75 | SOC：10785.0->10785.0 | 临时购电：32.5kWh | 总费用：23832.56元
2025-09-20完成 | 滚动常规 | q=0.75 | SOC：10785.0->10785.0 | 临时购电：280.3kWh | 总费用：25019.56元
2025-09-21完成 | 滚动常规 | q=0.75 | SOC：10785.0->10785.0 | 临时购电：85.5kWh | 总费用：47271.32元
2025-09-22完成 | 滚动常规 | q=0.70 | SOC：10785.0->10785.0 | 临时购电：44.0kWh | 总费用：44499.69元
2025-09-23完成 | 滚动常规 | q=0.70 | SOC：10785.0->10785.0 | 临时购电：325.4kWh | 总费用：45485.49元
2025-09-24完成 | 滚动常规 | q=0.70 | SOC：10785.0->10785.0 | 临时购电：381.9kWh | 总费用：45991.02元
2025-09-25完成 | 滚动常规 | q=0.70 | SOC：10785.0->10785.0 | 临时购电：84.5kWh | 总费用：44851.78元
2025-09-26完成 | 滚动常规 | q=0.70 | SOC：10785.0->10785.0 | 临时购电：35.1kWh | 总费用：21113.73元
2025-09-27完成 | 滚动常规 | q=0.70 | SOC：10785.0->10492.5 | 临时购电：372.3kWh | 总费用：22620.18元
2025-09-28完成 | 滚动常规 | q=0.70 | SOC：10492.5->10785.0 | 临时购电：804.9kWh | 总费用：48536.48元
2025-09-29完成 | 滚动常规 | q=0.70 | SOC：10785.0->10785.0 | 临时购电：64.5kWh | 总费用：45433.26元
2025-09-30完成 | 滚动常规 | q=0.70 | SOC：10785.0->10695.0 | 临时购电：2288.6kWh | 总费用：54254.33元
2025-10-01完成 | 滚动高风险 | q=0.85 | SOC：10695.0->10785.0 | 临时购电：0.0kWh | 总费用：53705.11元
2025-10-02完成 | 滚动高风险 | q=0.85 | SOC：10785.0->10785.0 | 临时购电：18.3kWh | 总费用：51721.23元
2025-10-03完成 | 滚动高风险 | q=0.85 | SOC：10785.0->10785.0 | 临时购电：12.4kWh | 总费用：21657.01元
2025-10-04完成 | 滚动常规 | q=0.70 | SOC：10785.0->10785.0 | 临时购电：30.3kWh | 总费用：21258.01元
2025-10-05完成 | 滚动常规 | q=0.70 | SOC：10785.0->10785.0 | 临时购电：21.8kWh | 总费用：47572.38元
2025-10-06完成 | 滚动常规 | q=0.70 | SOC：10785.0->10785.0 | 临时购电：22.8kWh | 总费用：48254.02元
2025-10-07完成 | 滚动常规 | q=0.70 | SOC：10785.0->10785.0 | 临时购电：16.1kWh | 总费用：47775.50元
2025-10-08完成 | 滚动常规 | q=0.70 | SOC：10785.0->10785.0 | 临时购电：23.0kWh | 总费用：48573.34元
2025-10-09完成 | 滚动常规 | q=0.70 | SOC：10785.0->10785.0 | 临时购电：10.8kWh | 总费用：47526.17元
2025-10-10完成 | 滚动常规 | q=0.70 | SOC：10785.0->10785.0 | 临时购电：44.2kWh | 总费用：19464.52元
2025-10-11完成 | 滚动常规 | q=0.70 | SOC：10785.0->10785.0 | 临时购电：17.5kWh | 总费用：20355.56元
2025-10-12完成 | 滚动常规 | q=0.70 | SOC：10785.0->10785.0 | 临时购电：17.8kWh | 总费用：48171.00元
2025-10-13完成 | 滚动常规 | q=0.70 | SOC：10785.0->10785.0 | 临时购电：13.9kWh | 总费用：47755.52元
2025-10-14完成 | 滚动常规 | q=0.70 | SOC：10785.0->10785.0 | 临时购电：29.9kWh | 总费用：48241.59元
2025-10-15完成 | 滚动常规 | q=0.70 | SOC：10785.0->10785.0 | 临时购电：30.3kWh | 总费用：49673.82元
2025-10-16完成 | 滚动常规 | q=0.70 | SOC：10785.0->10785.0 | 临时购电：24.1kWh | 总费用：49352.74元
2025-10-17完成 | 滚动常规 | q=0.70 | SOC：10785.0->10785.0 | 临时购电：39.9kWh | 总费用：19910.82元
2025-10-18完成 | 滚动常规 | q=0.70 | SOC：10785.0->10785.0 | 临时购电：23.3kWh | 总费用：19957.96元
2025-10-19完成 | 滚动常规 | q=0.70 | SOC：10785.0->10785.0 | 临时购电：31.8kWh | 总费用：50088.93元
2025-10-20完成 | 滚动常规 | q=0.70 | SOC：10785.0->10785.0 | 临时购电：17.0kWh | 总费用：50915.86元
2025-10-21完成 | 滚动常规 | q=0.70 | SOC：10785.0->10785.0 | 临时购电：25.0kWh | 总费用：52167.61元
2025-10-22完成 | 滚动常规 | q=0.70 | SOC：10785.0->10785.0 | 临时购电：31.6kWh | 总费用：50143.00元
2025-10-23完成 | 滚动常规 | q=0.70 | SOC：10785.0->10785.0 | 临时购电：21.9kWh | 总费用：50403.76元
2025-10-24完成 | 滚动常规 | q=0.70 | SOC：10785.0->10672.5 | 临时购电：43.2kWh | 总费用：19063.80元
2025-10-25完成 | 滚动常规 | q=0.70 | SOC：10672.5->10785.0 | 临时购电：48.7kWh | 总费用：19514.22元
2025-10-26完成 | 滚动常规 | q=0.70 | SOC：10785.0->10785.0 | 临时购电：24.9kWh | 总费用：51219.33元
2025-10-27完成 | 滚动常规 | q=0.70 | SOC：10785.0->10785.0 | 临时购电：13.1kWh | 总费用：50601.36元
2025-10-28完成 | 滚动常规 | q=0.70 | SOC：10785.0->10785.0 | 临时购电：28.7kWh | 总费用：50960.17元
2025-10-29完成 | 滚动常规 | q=0.70 | SOC：10785.0->10695.0 | 临时购电：22.8kWh | 总费用：49948.25元
2025-10-30完成 | 滚动常规 | q=0.70 | SOC：10695.0->10785.0 | 临时购电：20.8kWh | 总费用：51419.92元
2025-10-31完成 | 滚动常规 | q=0.70 | SOC：10785.0->10582.5 | 临时购电：76.1kWh | 总费用：19531.18元
2025-11-01完成 | 滚动常规 | q=0.70 | SOC：10582.5->10785.0 | 临时购电：58.8kWh | 总费用：19912.91元
2025-11-02完成 | 滚动常规 | q=0.70 | SOC：10785.0->10672.5 | 临时购电：20.7kWh | 总费用：52415.48元
2025-11-03完成 | 滚动常规 | q=0.70 | SOC：10672.5->10785.0 | 临时购电：19.8kWh | 总费用：52853.82元
2025-11-04完成 | 滚动常规 | q=0.70 | SOC：10785.0->10582.5 | 临时购电：36.7kWh | 总费用：52810.49元
2025-11-05完成 | 滚动常规 | q=0.70 | SOC：10582.5->10785.0 | 临时购电：6.5kWh | 总费用：53514.08元
2025-11-06完成 | 滚动常规 | q=0.70 | SOC：10785.0->10785.0 | 临时购电：21.9kWh | 总费用：53114.81元
2025-11-07完成 | 滚动常规 | q=0.70 | SOC：10785.0->10762.5 | 临时购电：72.2kWh | 总费用：20091.56元
2025-11-08完成 | 滚动常规 | q=0.70 | SOC：10762.5->10785.0 | 临时购电：61.8kWh | 总费用：20084.65元
2025-11-09完成 | 滚动常规 | q=0.70 | SOC：10785.0->10785.0 | 临时购电：20.5kWh | 总费用：54165.00元
2025-11-10完成 | 滚动常规 | q=0.70 | SOC：10785.0->10785.0 | 临时购电：43.4kWh | 总费用：54886.67元
2025-11-11完成 | 滚动常规 | q=0.70 | SOC：10785.0->10785.0 | 临时购电：3.3kWh | 总费用：54994.30元
2025-11-12完成 | 滚动常规 | q=0.70 | SOC：10785.0->10785.0 | 临时购电：13.8kWh | 总费用：55571.45元
2025-11-13完成 | 滚动常规 | q=0.70 | SOC：10785.0->10785.0 | 临时购电：22.1kWh | 总费用：54346.90元
2025-11-14完成 | 滚动常规 | q=0.70 | SOC：10785.0->10785.0 | 临时购电：62.5kWh | 总费用：21053.95元
2025-11-15完成 | 滚动常规 | q=0.70 | SOC：10785.0->10717.5 | 临时购电：65.5kWh | 总费用：21100.17元
2025-11-16完成 | 滚动常规 | q=0.70 | SOC：10717.5->10785.0 | 临时购电：17.9kWh | 总费用：56383.82元
2025-11-17完成 | 滚动常规 | q=0.70 | SOC：10785.0->10785.0 | 临时购电：16.8kWh | 总费用：56622.64元
2025-11-18完成 | 滚动常规 | q=0.70 | SOC：10785.0->10785.0 | 临时购电：22.6kWh | 总费用：56488.15元
2025-11-19完成 | 滚动常规 | q=0.70 | SOC：10785.0->10785.0 | 临时购电：9.2kWh | 总费用：56849.99元
2025-11-20完成 | 滚动常规 | q=0.70 | SOC：10785.0->10785.0 | 临时购电：20.6kWh | 总费用：57165.60元
2025-11-21完成 | 滚动常规 | q=0.70 | SOC：10785.0->10785.0 | 临时购电：84.8kWh | 总费用：21772.19元
2025-11-22完成 | 滚动常规 | q=0.70 | SOC：10785.0->10785.0 | 临时购电：32.3kWh | 总费用：21860.65元
2025-11-23完成 | 滚动常规 | q=0.70 | SOC：10785.0->10785.0 | 临时购电：27.7kWh | 总费用：58132.18元
2025-11-24完成 | 滚动常规 | q=0.70 | SOC：10785.0->10762.5 | 临时购电：8.8kWh | 总费用：57884.66元
2025-11-25完成 | 滚动常规 | q=0.70 | SOC：10762.5->10785.0 | 临时购电：22.7kWh | 总费用：57268.84元
2025-11-26完成 | 滚动常规 | q=0.70 | SOC：10785.0->10785.0 | 临时购电：15.4kWh | 总费用：57953.72元
2025-11-27完成 | 滚动常规 | q=0.70 | SOC：10785.0->10785.0 | 临时购电：10.6kWh | 总费用：58918.76元
2025-11-28完成 | 滚动常规 | q=0.70 | SOC：10785.0->10785.0 | 临时购电：28.4kWh | 总费用：22962.21元
2025-11-29完成 | 滚动常规 | q=0.70 | SOC：10785.0->10785.0 | 临时购电：25.6kWh | 总费用：22728.75元
2025-11-30完成 | 滚动常规 | q=0.70 | SOC：10785.0->10785.0 | 临时购电：16.1kWh | 总费用：59605.31元
2025-12-01完成 | 滚动常规 | q=0.70 | SOC：10785.0->10785.0 | 临时购电：1283.3kWh | 总费用：64835.16元
2025-12-02完成 | 滚动高风险 | q=0.85 | SOC：10785.0->10785.0 | 临时购电：1562.8kWh | 总费用：69453.67元
2025-12-03完成 | 滚动高风险 | q=0.85 | SOC：10785.0->10785.0 | 临时购电：186.5kWh | 总费用：62932.32元
2025-12-04完成 | 滚动高风险 | q=0.85 | SOC：10785.0->10785.0 | 临时购电：543.6kWh | 总费用：65218.66元
2025-12-05完成 | 滚动高风险 | q=0.85 | SOC：10785.0->10762.5 | 临时购电：115.7kWh | 总费用：27262.48元
2025-12-06完成 | 滚动常规 | q=0.70 | SOC：10762.5->10425.0 | 临时购电：2541.2kWh | 总费用：32097.88元
2025-12-07完成 | 滚动高风险 | q=0.85 | SOC：10425.0->10785.0 | 临时购电：29.0kWh | 总费用：65482.89元
2025-12-08完成 | 滚动高风险 | q=0.85 | SOC：10785.0->10785.0 | 临时购电：10.4kWh | 总费用：71155.53元
2025-12-09完成 | 滚动高风险 | q=0.85 | SOC：10785.0->10785.0 | 临时购电：15.7kWh | 总费用：70696.57元
2025-12-10完成 | 滚动常规 | q=0.70 | SOC：10785.0->10785.0 | 临时购电：60.9kWh | 总费用：66294.12元
2025-12-11完成 | 滚动常规 | q=0.70 | SOC：10785.0->10785.0 | 临时购电：28.3kWh | 总费用：66001.83元
2025-12-12完成 | 滚动常规 | q=0.70 | SOC：10785.0->10785.0 | 临时购电：101.8kWh | 总费用：28209.84元
2025-12-13完成 | 滚动常规 | q=0.70 | SOC：10785.0->10785.0 | 临时购电：75.5kWh | 总费用：28885.88元
2025-12-14完成 | 滚动常规 | q=0.70 | SOC：10785.0->10785.0 | 临时购电：17.8kWh | 总费用：67470.38元
2025-12-15完成 | 滚动常规 | q=0.70 | SOC：10785.0->10785.0 | 临时购电：0.7kWh | 总费用：69059.85元
2025-12-16完成 | 滚动常规 | q=0.70 | SOC：10785.0->10785.0 | 临时购电：5.7kWh | 总费用：68767.65元
2025-12-17完成 | 滚动常规 | q=0.70 | SOC：10785.0->10785.0 | 临时购电：17.5kWh | 总费用：68300.35元
2025-12-18完成 | 滚动常规 | q=0.70 | SOC：10785.0->10785.0 | 临时购电：26.1kWh | 总费用：67678.61元
2025-12-19完成 | 滚动常规 | q=0.70 | SOC：10785.0->10785.0 | 临时购电：32.1kWh | 总费用：30347.37元
2025-12-20完成 | 滚动常规 | q=0.70 | SOC：10785.0->10762.5 | 临时购电：26.9kWh | 总费用：29915.39元
2025-12-21完成 | 滚动常规 | q=0.70 | SOC：10762.5->10785.0 | 临时购电：5.2kWh | 总费用：68514.64元
2025-12-22完成 | 滚动常规 | q=0.70 | SOC：10785.0->10650.0 | 临时购电：16.3kWh | 总费用：68170.45元
2025-12-23完成 | 滚动常规 | q=0.70 | SOC：10650.0->10785.0 | 临时购电：12.9kWh | 总费用：68870.97元
2025-12-24完成 | 滚动常规 | q=0.70 | SOC：10785.0->10785.0 | 临时购电：16.0kWh | 总费用：68341.59元
2025-12-25完成 | 滚动常规 | q=0.70 | SOC：10785.0->10785.0 | 临时购电：16.4kWh | 总费用：68682.27元
2025-12-26完成 | 滚动常规 | q=0.70 | SOC：10785.0->10785.0 | 临时购电：24.2kWh | 总费用：30082.58元
2025-12-27完成 | 滚动常规 | q=0.70 | SOC：10785.0->10785.0 | 临时购电：41.6kWh | 总费用：30155.32元
2025-12-28完成 | 滚动常规 | q=0.70 | SOC：10785.0->10785.0 | 临时购电：10.1kWh | 总费用：68439.04元
2025-12-29完成 | 滚动常规 | q=0.70 | SOC：10785.0->10762.5 | 临时购电：12.6kWh | 总费用：68259.67元
2025-12-30完成 | 滚动常规 | q=0.70 | SOC：10762.5->10785.0 | 临时购电：6.5kWh | 总费用：67910.66元
2025-12-31完成 | 滚动常规 | q=0.70 | SOC：10785.0->10672.5 | 临时购电：9.2kWh | 总费用：67547.23元

========== 问题二正式评价完成 ==========
正式评价区间：2025-02-01 至 2025-12-31
正式评价天数：334
未纳入评价的预热天数：31
日末库存价值系数：0.481548 元/kWh
计划购电费用：14753615.58 元
临时购电费用：283484.14 元
总费用：15037099.72 元
临时购电总量：64721.46 kWh
结果明细：C:\Users\LENOVO\Desktop\数模\C题\outputs\problem2_same_type_sweep_22.5\problem2_detail.csv
每日汇总：C:\Users\LENOVO\Desktop\数模\C题\outputs\problem2_same_type_sweep_22.5\problem2_daily_summary.csv
提交表格：C:\Users\LENOVO\Desktop\数模\C题\outputs\problem2_same_type_sweep_22.5\result2.xlsx
包含三张表：
  1. 计划购电量（日期×144时段）
  2. 充放电量（6个4小时时段）
  3. 紧急购电量（日期、购电时间段、购电量）
===== soc-step=22.5 总费用 = 15037099.72 元 =====

===== 开始运行 soc-step=27.5 =====
正式评价区间：2025-02-01 至 2025-12-31
正式评价天数：334
未纳入正式评价的预热日期：31天
日末库存价值系数：0.481548 元/kWh
预测安全修正：负荷×1.050，非夏季光伏×0.900，7至9月光伏×1.050
预测时间衰减系数：0.900
分解预测设置：同类型日最少3天，日总量趋势截断0.200，光伏最近7天
滚动偏差校准：回看30天，强度0.500
动态分位数：常规[0.5, 0.6, 0.7, 0.75, 0.8, 0.85, 0.9]，高风险[0.85, 0.9, 0.95]
滚动最优分位数：回看30天，最少历史7天，临时购电惩罚×5.0
2025-02-01完成 | 滚动常规 | q=0.90 | SOC：6000.0->10797.5 | 临时购电：2.0kWh | 总费用：32373.98元
2025-02-02完成 | 滚动常规 | q=0.90 | SOC：10797.5->10797.5 | 临时购电：1.1kWh | 总费用：67371.37元
2025-02-03完成 | 滚动常规 | q=0.90 | SOC：10797.5->10797.5 | 临时购电：0.1kWh | 总费用：67034.33元
2025-02-04完成 | 滚动常规 | q=0.90 | SOC：10797.5->10797.5 | 临时购电：0.7kWh | 总费用：68483.49元
2025-02-05完成 | 滚动常规 | q=0.85 | SOC：10797.5->10797.5 | 临时购电：1.2kWh | 总费用：67894.44元
2025-02-06完成 | 滚动常规 | q=0.85 | SOC：10797.5->10797.5 | 临时购电：2.3kWh | 总费用：67655.97元
2025-02-07完成 | 滚动常规 | q=0.85 | SOC：10797.5->10797.5 | 临时购电：10.9kWh | 总费用：29177.95元
2025-02-08完成 | 滚动常规 | q=0.85 | SOC：10797.5->10797.5 | 临时购电：6.6kWh | 总费用：26628.22元
2025-02-09完成 | 滚动常规 | q=0.85 | SOC：10797.5->10797.5 | 临时购电：2.4kWh | 总费用：64460.89元
2025-02-10完成 | 滚动常规 | q=0.85 | SOC：10797.5->10797.5 | 临时购电：2.7kWh | 总费用：63967.72元
2025-02-11完成 | 滚动常规 | q=0.85 | SOC：10797.5->10742.5 | 临时购电：2.7kWh | 总费用：61582.29元
2025-02-12完成 | 滚动常规 | q=0.70 | SOC：10742.5->10797.5 | 临时购电：5.0kWh | 总费用：61973.79元
2025-02-13完成 | 滚动常规 | q=0.70 | SOC：10797.5->10797.5 | 临时购电：10.6kWh | 总费用：62060.25元
2025-02-14完成 | 滚动常规 | q=0.70 | SOC：10797.5->10715.0 | 临时购电：24.2kWh | 总费用：24155.37元
2025-02-15完成 | 滚动常规 | q=0.70 | SOC：10715.0->10660.0 | 临时购电：22.5kWh | 总费用：23676.18元
2025-02-16完成 | 滚动常规 | q=0.70 | SOC：10660.0->10797.5 | 临时购电：14.4kWh | 总费用：60975.62元
2025-02-17完成 | 滚动常规 | q=0.70 | SOC：10797.5->10660.0 | 临时购电：9.0kWh | 总费用：60186.78元
2025-02-18完成 | 滚动常规 | q=0.70 | SOC：10660.0->10797.5 | 临时购电：23.0kWh | 总费用：59965.99元
2025-02-19完成 | 滚动常规 | q=0.70 | SOC：10797.5->10522.5 | 临时购电：22.0kWh | 总费用：58340.28元
2025-02-20完成 | 滚动常规 | q=0.70 | SOC：10522.5->10797.5 | 临时购电：19.6kWh | 总费用：60807.88元
2025-02-21完成 | 滚动常规 | q=0.70 | SOC：10797.5->10797.5 | 临时购电：33.7kWh | 总费用：23409.27元
2025-02-22完成 | 滚动常规 | q=0.70 | SOC：10797.5->10797.5 | 临时购电：29.6kWh | 总费用：22365.17元
2025-02-23完成 | 滚动常规 | q=0.70 | SOC：10797.5->10687.5 | 临时购电：31.8kWh | 总费用：58075.80元
2025-02-24完成 | 滚动常规 | q=0.70 | SOC：10687.5->10715.0 | 临时购电：16.4kWh | 总费用：58455.67元
2025-02-25完成 | 滚动常规 | q=0.70 | SOC：10715.0->10715.0 | 临时购电：13.9kWh | 总费用：59498.08元
2025-02-26完成 | 滚动常规 | q=0.70 | SOC：10715.0->10797.5 | 临时购电：6.2kWh | 总费用：56896.21元
2025-02-27完成 | 滚动常规 | q=0.70 | SOC：10797.5->10742.5 | 临时购电：7.3kWh | 总费用：57759.70元
2025-02-28完成 | 滚动常规 | q=0.70 | SOC：10742.5->10770.0 | 临时购电：51.5kWh | 总费用：21743.72元
2025-03-01完成 | 滚动常规 | q=0.70 | SOC：10770.0->10715.0 | 临时购电：46.1kWh | 总费用：20677.37元
2025-03-02完成 | 滚动常规 | q=0.70 | SOC：10715.0->10742.5 | 临时购电：30.4kWh | 总费用：55914.55元
2025-03-03完成 | 滚动常规 | q=0.70 | SOC：10742.5->10632.5 | 临时购电：16.3kWh | 总费用：56281.41元
2025-03-04完成 | 滚动常规 | q=0.70 | SOC：10632.5->10797.5 | 临时购电：18.3kWh | 总费用：59199.91元
2025-03-05完成 | 滚动常规 | q=0.70 | SOC：10797.5->10715.0 | 临时购电：12.1kWh | 总费用：57756.19元
2025-03-06完成 | 滚动常规 | q=0.70 | SOC：10715.0->10797.5 | 临时购电：8.7kWh | 总费用：57112.85元
2025-03-07完成 | 滚动常规 | q=0.70 | SOC：10797.5->10797.5 | 临时购电：37.9kWh | 总费用：21824.54元
2025-03-08完成 | 滚动常规 | q=0.70 | SOC：10797.5->10660.0 | 临时购电：73.2kWh | 总费用：20155.37元
2025-03-09完成 | 滚动常规 | q=0.70 | SOC：10660.0->10605.0 | 临时购电：13.5kWh | 总费用：54872.95元
2025-03-10完成 | 滚动常规 | q=0.70 | SOC：10605.0->10687.5 | 临时购电：23.4kWh | 总费用：52170.44元
2025-03-11完成 | 滚动常规 | q=0.70 | SOC：10687.5->10742.5 | 临时购电：17.3kWh | 总费用：53323.81元
2025-03-12完成 | 滚动常规 | q=0.70 | SOC：10742.5->10577.5 | 临时购电：16.1kWh | 总费用：53309.67元
2025-03-13完成 | 滚动常规 | q=0.70 | SOC：10577.5->10440.0 | 临时购电：18.2kWh | 总费用：51997.83元
2025-03-14完成 | 滚动常规 | q=0.70 | SOC：10440.0->10605.0 | 临时购电：86.1kWh | 总费用：18943.47元
2025-03-15完成 | 滚动常规 | q=0.70 | SOC：10605.0->10330.0 | 临时购电：68.7kWh | 总费用：19382.09元
2025-03-16完成 | 滚动常规 | q=0.70 | SOC：10330.0->10797.5 | 临时购电：16.6kWh | 总费用：53517.79元
2025-03-17完成 | 滚动常规 | q=0.70 | SOC：10797.5->10797.5 | 临时购电：3.9kWh | 总费用：50857.06元
2025-03-18完成 | 滚动常规 | q=0.70 | SOC：10797.5->10797.5 | 临时购电：10.4kWh | 总费用：50434.86元
2025-03-19完成 | 滚动常规 | q=0.70 | SOC：10797.5->10797.5 | 临时购电：23.0kWh | 总费用：51144.73元
2025-03-20完成 | 滚动常规 | q=0.70 | SOC：10797.5->10632.5 | 临时购电：23.0kWh | 总费用：50403.29元
2025-03-21完成 | 滚动常规 | q=0.70 | SOC：10632.5->10467.5 | 临时购电：54.4kWh | 总费用：18669.45元
2025-03-22完成 | 滚动常规 | q=0.70 | SOC：10467.5->10797.5 | 临时购电：43.3kWh | 总费用：19046.73元
2025-03-23完成 | 滚动常规 | q=0.70 | SOC：10797.5->10797.5 | 临时购电：20.2kWh | 总费用：49946.94元
2025-03-24完成 | 滚动常规 | q=0.70 | SOC：10797.5->10797.5 | 临时购电：25.1kWh | 总费用：50573.29元
2025-03-25完成 | 滚动常规 | q=0.70 | SOC：10797.5->10577.5 | 临时购电：42.6kWh | 总费用：47724.12元
2025-03-26完成 | 滚动常规 | q=0.70 | SOC：10577.5->10687.5 | 临时购电：15.8kWh | 总费用：48278.05元
2025-03-27完成 | 滚动常规 | q=0.70 | SOC：10687.5->10742.5 | 临时购电：27.5kWh | 总费用：47192.68元
2025-03-28完成 | 滚动常规 | q=0.70 | SOC：10742.5->10797.5 | 临时购电：40.1kWh | 总费用：18470.52元
2025-03-29完成 | 滚动常规 | q=0.70 | SOC：10797.5->10797.5 | 临时购电：63.4kWh | 总费用：17887.57元
2025-03-30完成 | 滚动常规 | q=0.70 | SOC：10797.5->10797.5 | 临时购电：43.9kWh | 总费用：47995.53元
2025-03-31完成 | 滚动常规 | q=0.70 | SOC：10797.5->10797.5 | 临时购电：22.5kWh | 总费用：48662.36元
2025-04-01完成 | 滚动常规 | q=0.70 | SOC：10797.5->10715.0 | 临时购电：23.8kWh | 总费用：46978.09元
2025-04-02完成 | 滚动常规 | q=0.70 | SOC：10715.0->10797.5 | 临时购电：13.7kWh | 总费用：47540.58元
2025-04-03完成 | 滚动常规 | q=0.70 | SOC：10797.5->10797.5 | 临时购电：19.9kWh | 总费用：47498.99元
2025-04-04完成 | 滚动常规 | q=0.70 | SOC：10797.5->10797.5 | 临时购电：31.0kWh | 总费用：17581.25元
2025-04-05完成 | 滚动常规 | q=0.70 | SOC：10797.5->10797.5 | 临时购电：47.9kWh | 总费用：17389.73元
2025-04-06完成 | 滚动常规 | q=0.70 | SOC：10797.5->10742.5 | 临时购电：34.1kWh | 总费用：48302.60元
2025-04-07完成 | 滚动常规 | q=0.70 | SOC：10742.5->10797.5 | 临时购电：9.5kWh | 总费用：45709.91元
2025-04-08完成 | 滚动常规 | q=0.70 | SOC：10797.5->10797.5 | 临时购电：31.8kWh | 总费用：45604.33元
2025-04-09完成 | 滚动常规 | q=0.70 | SOC：10797.5->10797.5 | 临时购电：19.0kWh | 总费用：45088.85元
2025-04-10完成 | 滚动常规 | q=0.70 | SOC：10797.5->10797.5 | 临时购电：14.9kWh | 总费用：46393.33元
2025-04-11完成 | 滚动常规 | q=0.70 | SOC：10797.5->10715.0 | 临时购电：35.9kWh | 总费用：16764.88元
2025-04-12完成 | 滚动常规 | q=0.70 | SOC：10715.0->10797.5 | 临时购电：39.1kWh | 总费用：17259.07元
2025-04-13完成 | 滚动常规 | q=0.70 | SOC：10797.5->10797.5 | 临时购电：44.1kWh | 总费用：44828.56元
2025-04-14完成 | 滚动常规 | q=0.70 | SOC：10797.5->10660.0 | 临时购电：30.1kWh | 总费用：44225.85元
2025-04-15完成 | 滚动常规 | q=0.70 | SOC：10660.0->10797.5 | 临时购电：25.1kWh | 总费用：44899.44元
2025-04-16完成 | 滚动常规 | q=0.70 | SOC：10797.5->10797.5 | 临时购电：15.8kWh | 总费用：43244.38元
2025-04-17完成 | 滚动常规 | q=0.70 | SOC：10797.5->10797.5 | 临时购电：14.1kWh | 总费用：44084.46元
2025-04-18完成 | 滚动常规 | q=0.70 | SOC：10797.5->10797.5 | 临时购电：43.0kWh | 总费用：16491.78元
2025-04-19完成 | 滚动常规 | q=0.70 | SOC：10797.5->10797.5 | 临时购电：45.2kWh | 总费用：16432.28元
2025-04-20完成 | 滚动常规 | q=0.70 | SOC：10797.5->10797.5 | 临时购电：17.9kWh | 总费用：42961.02元
2025-04-21完成 | 滚动常规 | q=0.70 | SOC：10797.5->10742.5 | 临时购电：28.4kWh | 总费用：44034.93元
2025-04-22完成 | 滚动常规 | q=0.70 | SOC：10742.5->10797.5 | 临时购电：33.5kWh | 总费用：44349.18元
2025-04-23完成 | 滚动常规 | q=0.70 | SOC：10797.5->10797.5 | 临时购电：13.2kWh | 总费用：42883.20元
2025-04-24完成 | 滚动常规 | q=0.70 | SOC：10797.5->10797.5 | 临时购电：10.9kWh | 总费用：42440.23元
2025-04-25完成 | 滚动常规 | q=0.70 | SOC：10797.5->10770.0 | 临时购电：67.6kWh | 总费用：15467.36元
2025-04-26完成 | 滚动常规 | q=0.70 | SOC：10770.0->10797.5 | 临时购电：42.7kWh | 总费用：15606.32元
2025-04-27完成 | 滚动常规 | q=0.70 | SOC：10797.5->10797.5 | 临时购电：38.4kWh | 总费用：40002.08元
2025-04-28完成 | 滚动常规 | q=0.70 | SOC：10797.5->10797.5 | 临时购电：36.1kWh | 总费用：42476.64元
2025-04-29完成 | 滚动常规 | q=0.70 | SOC：10797.5->10797.5 | 临时购电：22.5kWh | 总费用：42368.36元
2025-04-30完成 | 滚动常规 | q=0.70 | SOC：10797.5->10770.0 | 临时购电：18.2kWh | 总费用：42520.46元
2025-05-01完成 | 滚动常规 | q=0.70 | SOC：10770.0->9780.0 | 临时购电：584.8kWh | 总费用：45544.31元
2025-05-02完成 | 滚动常规 | q=0.70 | SOC：9780.0->9890.0 | 临时购电：709.2kWh | 总费用：19796.65元
2025-05-03完成 | 滚动常规 | q=0.70 | SOC：9890.0->10027.5 | 临时购电：857.5kWh | 总费用：20488.54元
2025-05-04完成 | 滚动常规 | q=0.70 | SOC：10027.5->9917.5 | 临时购电：587.4kWh | 总费用：45690.19元
2025-05-05完成 | 滚动常规 | q=0.70 | SOC：9917.5->10055.0 | 临时购电：344.6kWh | 总费用：43749.04元
2025-05-06完成 | 滚动常规 | q=0.70 | SOC：10055.0->9780.0 | 临时购电：382.0kWh | 总费用：44129.24元
2025-05-07完成 | 滚动常规 | q=0.70 | SOC：9780.0->9945.0 | 临时购电：442.6kWh | 总费用：46997.24元
2025-05-08完成 | 滚动常规 | q=0.70 | SOC：9945.0->10082.5 | 临时购电：90.3kWh | 总费用：45816.21元
2025-05-09完成 | 滚动常规 | q=0.70 | SOC：10082.5->10220.0 | 临时购电：68.7kWh | 总费用：17190.64元
2025-05-10完成 | 滚动常规 | q=0.70 | SOC：10220.0->10027.5 | 临时购电：165.9kWh | 总费用：17503.36元
2025-05-11完成 | 滚动常规 | q=0.70 | SOC：10027.5->10165.0 | 临时购电：223.0kWh | 总费用：46622.46元
2025-05-12完成 | 滚动常规 | q=0.70 | SOC：10165.0->10467.5 | 临时购电：22.2kWh | 总费用：44742.45元
2025-05-13完成 | 滚动常规 | q=0.70 | SOC：10467.5->10495.0 | 临时购电：38.1kWh | 总费用：45111.47元
2025-05-14完成 | 滚动常规 | q=0.70 | SOC：10495.0->10412.5 | 临时购电：30.9kWh | 总费用：44780.16元
2025-05-15完成 | 滚动常规 | q=0.70 | SOC：10412.5->10797.5 | 临时购电：13.5kWh | 总费用：44409.92元
2025-05-16完成 | 滚动常规 | q=0.70 | SOC：10797.5->10770.0 | 临时购电：25.9kWh | 总费用：16934.91元
2025-05-17完成 | 滚动常规 | q=0.70 | SOC：10770.0->10632.5 | 临时购电：63.9kWh | 总费用：17197.45元
2025-05-18完成 | 滚动常规 | q=0.70 | SOC：10632.5->10797.5 | 临时购电：50.4kWh | 总费用：43613.26元
2025-05-19完成 | 滚动常规 | q=0.70 | SOC：10797.5->10715.0 | 临时购电：111.1kWh | 总费用：44174.06元
2025-05-20完成 | 滚动常规 | q=0.70 | SOC：10715.0->10605.0 | 临时购电：35.6kWh | 总费用：42015.93元
2025-05-21完成 | 滚动常规 | q=0.70 | SOC：10605.0->10742.5 | 临时购电：9.5kWh | 总费用：42676.22元
2025-05-22完成 | 滚动常规 | q=0.70 | SOC：10742.5->10797.5 | 临时购电：14.0kWh | 总费用：42561.02元
2025-05-23完成 | 滚动常规 | q=0.70 | SOC：10797.5->10797.5 | 临时购电：48.9kWh | 总费用：17604.12元
2025-05-24完成 | 滚动常规 | q=0.70 | SOC：10797.5->10797.5 | 临时购电：37.1kWh | 总费用：17815.52元
2025-05-25完成 | 滚动常规 | q=0.70 | SOC：10797.5->10797.5 | 临时购电：3.7kWh | 总费用：42620.60元
2025-05-26完成 | 滚动常规 | q=0.70 | SOC：10797.5->10797.5 | 临时购电：31.8kWh | 总费用：44025.77元
2025-05-27完成 | 滚动常规 | q=0.70 | SOC：10797.5->10797.5 | 临时购电：12.4kWh | 总费用：42762.08元
2025-05-28完成 | 滚动常规 | q=0.70 | SOC：10797.5->10797.5 | 临时购电：32.6kWh | 总费用：42486.17元
2025-05-29完成 | 滚动常规 | q=0.70 | SOC：10797.5->10797.5 | 临时购电：27.0kWh | 总费用：43104.74元
2025-05-30完成 | 滚动常规 | q=0.70 | SOC：10797.5->10797.5 | 临时购电：31.3kWh | 总费用：17906.53元
2025-05-31完成 | 滚动常规 | q=0.70 | SOC：10797.5->10770.0 | 临时购电：61.5kWh | 总费用：18119.32元
2025-06-01完成 | 滚动常规 | q=0.70 | SOC：10770.0->9587.5 | 临时购电：2280.1kWh | 总费用：56166.32元
2025-06-02完成 | 滚动高风险 | q=0.85 | SOC：9587.5->9697.5 | 临时购电：1330.9kWh | 总费用：55857.10元
2025-06-03完成 | 滚动高风险 | q=0.85 | SOC：9697.5->9862.5 | 临时购电：341.0kWh | 总费用：51575.14元
2025-06-04完成 | 滚动高风险 | q=0.85 | SOC：9862.5->9835.0 | 临时购电：388.5kWh | 总费用：52443.02元
2025-06-05完成 | 滚动高风险 | q=0.85 | SOC：9835.0->9917.5 | 临时购电：428.1kWh | 总费用：54021.00元
2025-06-06完成 | 滚动常规 | q=0.70 | SOC：9917.5->9450.0 | 临时购电：4282.7kWh | 总费用：39671.79元
2025-06-07完成 | 滚动高风险 | q=0.85 | SOC：9450.0->10000.0 | 临时购电：414.9kWh | 总费用：24460.81元
2025-06-08完成 | 滚动高风险 | q=0.85 | SOC：10000.0->10797.5 | 临时购电：16.1kWh | 总费用：61486.55元
2025-06-09完成 | 滚动高风险 | q=0.85 | SOC：10797.5->10797.5 | 临时购电：27.3kWh | 总费用：59037.99元
2025-06-10完成 | 滚动常规 | q=0.75 | SOC：10797.5->10495.0 | 临时购电：66.2kWh | 总费用：55449.24元
2025-06-11完成 | 滚动常规 | q=0.75 | SOC：10495.0->10522.5 | 临时购电：111.5kWh | 总费用：55777.30元
2025-06-12完成 | 滚动常规 | q=0.75 | SOC：10522.5->10742.5 | 临时购电：35.2kWh | 总费用：56625.62元
2025-06-13完成 | 滚动常规 | q=0.75 | SOC：10742.5->10412.5 | 临时购电：118.0kWh | 总费用：22099.67元
2025-06-14完成 | 滚动常规 | q=0.75 | SOC：10412.5->10632.5 | 临时购电：224.5kWh | 总费用：23381.26元
2025-06-15完成 | 滚动常规 | q=0.75 | SOC：10632.5->10797.5 | 临时购电：15.8kWh | 总费用：59171.91元
2025-06-16完成 | 滚动常规 | q=0.75 | SOC：10797.5->10797.5 | 临时购电：18.6kWh | 总费用：59283.60元
2025-06-17完成 | 滚动常规 | q=0.75 | SOC：10797.5->10797.5 | 临时购电：81.0kWh | 总费用：58014.16元
2025-06-18完成 | 滚动常规 | q=0.75 | SOC：10797.5->10797.5 | 临时购电：12.8kWh | 总费用：58102.52元
2025-06-19完成 | 滚动常规 | q=0.75 | SOC：10797.5->10797.5 | 临时购电：38.0kWh | 总费用：59357.39元
2025-06-20完成 | 滚动常规 | q=0.75 | SOC：10797.5->10797.5 | 临时购电：102.1kWh | 总费用：24463.48元
2025-06-21完成 | 滚动常规 | q=0.75 | SOC：10797.5->10797.5 | 临时购电：83.6kWh | 总费用：24820.05元
2025-06-22完成 | 滚动常规 | q=0.75 | SOC：10797.5->10797.5 | 临时购电：10.6kWh | 总费用：57179.04元
2025-06-23完成 | 滚动常规 | q=0.75 | SOC：10797.5->10797.5 | 临时购电：15.2kWh | 总费用：56093.07元
2025-06-24完成 | 滚动常规 | q=0.75 | SOC：10797.5->10797.5 | 临时购电：83.1kWh | 总费用：55607.15元
2025-06-25完成 | 滚动常规 | q=0.75 | SOC：10797.5->10797.5 | 临时购电：32.1kWh | 总费用：56111.55元
2025-06-26完成 | 滚动常规 | q=0.75 | SOC：10797.5->10797.5 | 临时购电：19.7kWh | 总费用：56913.48元
2025-06-27完成 | 滚动常规 | q=0.75 | SOC：10797.5->10797.5 | 临时购电：160.6kWh | 总费用：23888.02元
2025-06-28完成 | 滚动常规 | q=0.75 | SOC：10797.5->10797.5 | 临时购电：82.9kWh | 总费用：24145.39元
2025-06-29完成 | 滚动常规 | q=0.75 | SOC：10797.5->10797.5 | 临时购电：27.9kWh | 总费用：56702.83元
2025-06-30完成 | 滚动常规 | q=0.75 | SOC：10797.5->10742.5 | 临时购电：16.6kWh | 总费用：56892.17元
2025-07-01完成 | 滚动常规 | q=0.75 | SOC：10742.5->9615.0 | 临时购电：3145.9kWh | 总费用：64657.78元
2025-07-02完成 | 滚动高风险 | q=0.85 | SOC：9615.0->9752.5 | 临时购电：615.2kWh | 总费用：56191.31元
2025-07-03完成 | 滚动高风险 | q=0.85 | SOC：9752.5->9862.5 | 临时购电：2435.0kWh | 总费用：64088.08元
2025-07-04完成 | 滚动高风险 | q=0.85 | SOC：9862.5->9587.5 | 临时购电：2420.8kWh | 总费用：33212.28元
2025-07-05完成 | 滚动高风险 | q=0.85 | SOC：9587.5->9780.0 | 临时购电：2989.0kWh | 总费用：37333.11元
2025-07-06完成 | 滚动高风险 | q=0.85 | SOC：9780.0->9807.5 | 临时购电：6333.1kWh | 总费用：77275.58元
2025-07-07完成 | 滚动高风险 | q=0.85 | SOC：9807.5->9725.0 | 临时购电：565.1kWh | 总费用：52192.95元
2025-07-08完成 | 滚动高风险 | q=0.85 | SOC：9725.0->10797.5 | 临时购电：31.0kWh | 总费用：60050.18元
2025-07-09完成 | 滚动高风险 | q=0.85 | SOC：10797.5->10797.5 | 临时购电：21.7kWh | 总费用：61338.64元
2025-07-10完成 | 滚动常规 | q=0.75 | SOC：10797.5->10550.0 | 临时购电：102.8kWh | 总费用：54865.41元
2025-07-11完成 | 滚动常规 | q=0.75 | SOC：10550.0->10742.5 | 临时购电：161.4kWh | 总费用：27242.50元
2025-07-12完成 | 滚动常规 | q=0.75 | SOC：10742.5->10522.5 | 临时购电：62.2kWh | 总费用：26616.05元
2025-07-13完成 | 滚动常规 | q=0.80 | SOC：10522.5->10797.5 | 临时购电：84.4kWh | 总费用：55276.09元
2025-07-14完成 | 滚动常规 | q=0.80 | SOC：10797.5->10797.5 | 临时购电：26.6kWh | 总费用：55497.39元
2025-07-15完成 | 滚动常规 | q=0.80 | SOC：10797.5->10797.5 | 临时购电：15.7kWh | 总费用：56995.40元
2025-07-16完成 | 滚动常规 | q=0.80 | SOC：10797.5->10797.5 | 临时购电：63.6kWh | 总费用：55326.43元
2025-07-17完成 | 滚动常规 | q=0.80 | SOC：10797.5->10797.5 | 临时购电：58.1kWh | 总费用：54645.76元
2025-07-18完成 | 滚动常规 | q=0.80 | SOC：10797.5->10797.5 | 临时购电：141.7kWh | 总费用：28245.35元
2025-07-19完成 | 滚动常规 | q=0.80 | SOC：10797.5->10797.5 | 临时购电：16.6kWh | 总费用：28017.74元
2025-07-20完成 | 滚动常规 | q=0.80 | SOC：10797.5->10797.5 | 临时购电：8.5kWh | 总费用：56552.75元
2025-07-21完成 | 滚动常规 | q=0.80 | SOC：10797.5->10797.5 | 临时购电：37.6kWh | 总费用：56019.82元
2025-07-22完成 | 滚动常规 | q=0.80 | SOC：10797.5->10797.5 | 临时购电：12.9kWh | 总费用：57606.96元
2025-07-23完成 | 滚动常规 | q=0.80 | SOC：10797.5->10797.5 | 临时购电：27.7kWh | 总费用：56683.52元
2025-07-24完成 | 滚动常规 | q=0.80 | SOC：10797.5->10797.5 | 临时购电：136.9kWh | 总费用：56400.40元
2025-07-25完成 | 滚动常规 | q=0.80 | SOC：10797.5->10797.5 | 临时购电：98.2kWh | 总费用：28000.87元
2025-07-26完成 | 滚动常规 | q=0.80 | SOC：10797.5->10797.5 | 临时购电：49.2kWh | 总费用：28328.24元
2025-07-27完成 | 滚动常规 | q=0.80 | SOC：10797.5->10797.5 | 临时购电：427.1kWh | 总费用：58037.91元
2025-07-28完成 | 滚动常规 | q=0.80 | SOC：10797.5->10797.5 | 临时购电：390.9kWh | 总费用：56224.00元
2025-07-29完成 | 滚动常规 | q=0.80 | SOC：10797.5->10797.5 | 临时购电：31.1kWh | 总费用：57515.12元
2025-07-30完成 | 滚动常规 | q=0.80 | SOC：10797.5->10797.5 | 临时购电：46.4kWh | 总费用：55764.07元
2025-07-31完成 | 滚动常规 | q=0.80 | SOC：10797.5->10797.5 | 临时购电：10.3kWh | 总费用：56456.68元
2025-08-01完成 | 滚动常规 | q=0.80 | SOC：10797.5->10797.5 | 临时购电：25.2kWh | 总费用：27405.12元
2025-08-02完成 | 滚动常规 | q=0.80 | SOC：10797.5->10797.5 | 临时购电：10.0kWh | 总费用：27378.14元
2025-08-03完成 | 滚动常规 | q=0.80 | SOC：10797.5->10797.5 | 临时购电：17.7kWh | 总费用：53187.98元
2025-08-04完成 | 滚动常规 | q=0.80 | SOC：10797.5->10797.5 | 临时购电：26.1kWh | 总费用：50616.42元
2025-08-05完成 | 滚动常规 | q=0.75 | SOC：10797.5->10797.5 | 临时购电：28.8kWh | 总费用：49630.24元
2025-08-06完成 | 滚动常规 | q=0.75 | SOC：10797.5->10797.5 | 临时购电：906.8kWh | 总费用：52254.12元
2025-08-07完成 | 滚动常规 | q=0.75 | SOC：10797.5->10797.5 | 临时购电：37.4kWh | 总费用：47958.48元
2025-08-08完成 | 滚动常规 | q=0.75 | SOC：10797.5->10797.5 | 临时购电：24.5kWh | 总费用：26047.00元
2025-08-09完成 | 滚动常规 | q=0.75 | SOC：10797.5->10797.5 | 临时购电：143.5kWh | 总费用：26156.13元
2025-08-10完成 | 滚动常规 | q=0.75 | SOC：10797.5->10797.5 | 临时购电：34.5kWh | 总费用：49881.73元
2025-08-11完成 | 滚动常规 | q=0.75 | SOC：10797.5->10797.5 | 临时购电：31.4kWh | 总费用：50432.42元
2025-08-12完成 | 滚动常规 | q=0.70 | SOC：10797.5->10742.5 | 临时购电：234.8kWh | 总费用：49065.79元
2025-08-13完成 | 滚动常规 | q=0.70 | SOC：10742.5->10797.5 | 临时购电：127.6kWh | 总费用：48415.73元
2025-08-14完成 | 滚动常规 | q=0.70 | SOC：10797.5->10797.5 | 临时购电：77.3kWh | 总费用：50005.61元
2025-08-15完成 | 滚动常规 | q=0.70 | SOC：10797.5->10770.0 | 临时购电：53.7kWh | 总费用：25232.95元
2025-08-16完成 | 滚动常规 | q=0.70 | SOC：10770.0->10797.5 | 临时购电：61.0kWh | 总费用：25367.22元
2025-08-17完成 | 滚动常规 | q=0.70 | SOC：10797.5->10797.5 | 临时购电：28.3kWh | 总费用：49066.75元
2025-08-18完成 | 滚动常规 | q=0.70 | SOC：10797.5->10797.5 | 临时购电：49.6kWh | 总费用：50400.24元
2025-08-19完成 | 滚动常规 | q=0.70 | SOC：10797.5->10797.5 | 临时购电：72.1kWh | 总费用：48581.51元
2025-08-20完成 | 滚动常规 | q=0.70 | SOC：10797.5->10797.5 | 临时购电：1990.2kWh | 总费用：55987.65元
2025-08-21完成 | 滚动高风险 | q=0.85 | SOC：10797.5->10797.5 | 临时购电：14.5kWh | 总费用：52785.90元
2025-08-22完成 | 滚动高风险 | q=0.85 | SOC：10797.5->10797.5 | 临时购电：153.8kWh | 总费用：27271.45元
2025-08-23完成 | 滚动高风险 | q=0.85 | SOC：10797.5->10797.5 | 临时购电：9.8kWh | 总费用：26674.50元
2025-08-24完成 | 滚动常规 | q=0.70 | SOC：10797.5->10797.5 | 临时购电：69.7kWh | 总费用：49025.14元
2025-08-25完成 | 滚动常规 | q=0.70 | SOC：10797.5->10797.5 | 临时购电：1344.6kWh | 总费用：54557.49元
2025-08-26完成 | 滚动高风险 | q=0.85 | SOC：10797.5->10797.5 | 临时购电：15.8kWh | 总费用：52873.71元
2025-08-27完成 | 滚动高风险 | q=0.85 | SOC：10797.5->10797.5 | 临时购电：23.3kWh | 总费用：51880.76元
2025-08-28完成 | 滚动高风险 | q=0.85 | SOC：10797.5->10797.5 | 临时购电：89.8kWh | 总费用：53419.64元
2025-08-29完成 | 滚动常规 | q=0.70 | SOC：10797.5->10797.5 | 临时购电：260.5kWh | 总费用：27290.35元
2025-08-30完成 | 滚动常规 | q=0.70 | SOC：10797.5->10797.5 | 临时购电：85.1kWh | 总费用：26566.33元
2025-08-31完成 | 滚动常规 | q=0.70 | SOC：10797.5->10797.5 | 临时购电：120.6kWh | 总费用：49488.46元
2025-09-01完成 | 滚动常规 | q=0.70 | SOC：10797.5->10797.5 | 临时购电：14.6kWh | 总费用：47581.60元
2025-09-02完成 | 滚动常规 | q=0.70 | SOC：10797.5->10797.5 | 临时购电：70.3kWh | 总费用：48823.23元
2025-09-03完成 | 滚动常规 | q=0.70 | SOC：10797.5->10797.5 | 临时购电：20.2kWh | 总费用：48195.60元
2025-09-04完成 | 滚动常规 | q=0.70 | SOC：10797.5->10797.5 | 临时购电：8.1kWh | 总费用：48071.09元
2025-09-05完成 | 滚动常规 | q=0.70 | SOC：10797.5->10797.5 | 临时购电：8.0kWh | 总费用：25552.28元
2025-09-06完成 | 滚动常规 | q=0.70 | SOC：10797.5->10797.5 | 临时购电：7.3kWh | 总费用：26069.66元
2025-09-07完成 | 滚动常规 | q=0.70 | SOC：10797.5->10797.5 | 临时购电：87.4kWh | 总费用：47819.35元
2025-09-08完成 | 滚动常规 | q=0.70 | SOC：10797.5->10797.5 | 临时购电：3170.0kWh | 总费用：53809.56元
2025-09-09完成 | 滚动高风险 | q=0.85 | SOC：10797.5->10797.5 | 临时购电：21.4kWh | 总费用：46843.06元
2025-09-10完成 | 滚动高风险 | q=0.85 | SOC：10797.5->10797.5 | 临时购电：2124.9kWh | 总费用：54688.20元
2025-09-11完成 | 滚动高风险 | q=0.85 | SOC：10797.5->10797.5 | 临时购电：17.5kWh | 总费用：47257.73元
2025-09-12完成 | 滚动高风险 | q=0.85 | SOC：10797.5->10797.5 | 临时购电：67.7kWh | 总费用：24018.19元
2025-09-13完成 | 滚动高风险 | q=0.85 | SOC：10797.5->10797.5 | 临时购电：58.6kWh | 总费用：24752.16元
2025-09-14完成 | 滚动常规 | q=0.75 | SOC：10797.5->10797.5 | 临时购电：2859.0kWh | 总费用：53898.24元
2025-09-15完成 | 滚动高风险 | q=0.85 | SOC：10797.5->10797.5 | 临时购电：25.8kWh | 总费用：48463.59元
2025-09-16完成 | 滚动高风险 | q=0.85 | SOC：10797.5->10797.5 | 临时购电：41.2kWh | 总费用：48264.98元
2025-09-17完成 | 滚动高风险 | q=0.85 | SOC：10797.5->10797.5 | 临时购电：114.0kWh | 总费用：48643.25元
2025-09-18完成 | 滚动常规 | q=0.75 | SOC：10797.5->10797.5 | 临时购电：215.1kWh | 总费用：48243.74元
2025-09-19完成 | 滚动常规 | q=0.75 | SOC：10797.5->10797.5 | 临时购电：41.7kWh | 总费用：23841.96元
2025-09-20完成 | 滚动常规 | q=0.75 | SOC：10797.5->10797.5 | 临时购电：251.5kWh | 总费用：24896.69元
2025-09-21完成 | 滚动常规 | q=0.75 | SOC：10797.5->10797.5 | 临时购电：100.4kWh | 总费用：47292.57元
2025-09-22完成 | 滚动常规 | q=0.70 | SOC：10797.5->10797.5 | 临时购电：71.3kWh | 总费用：44665.24元
2025-09-23完成 | 滚动常规 | q=0.70 | SOC：10797.5->10797.5 | 临时购电：420.7kWh | 总费用：45858.75元
2025-09-24完成 | 滚动常规 | q=0.70 | SOC：10797.5->10797.5 | 临时购电：355.5kWh | 总费用：45908.60元
2025-09-25完成 | 滚动常规 | q=0.70 | SOC：10797.5->10797.5 | 临时购电：89.7kWh | 总费用：44916.49元
2025-09-26完成 | 滚动常规 | q=0.70 | SOC：10797.5->10797.5 | 临时购电：41.3kWh | 总费用：21165.68元
2025-09-27完成 | 滚动常规 | q=0.70 | SOC：10797.5->10632.5 | 临时购电：369.8kWh | 总费用：22468.40元
2025-09-28完成 | 滚动常规 | q=0.70 | SOC：10632.5->10797.5 | 临时购电：866.4kWh | 总费用：48798.19元
2025-09-29完成 | 滚动常规 | q=0.70 | SOC：10797.5->10797.5 | 临时购电：95.3kWh | 总费用：45552.58元
2025-09-30完成 | 滚动常规 | q=0.70 | SOC：10797.5->10797.5 | 临时购电：2464.6kWh | 总费用：54977.10元
2025-10-01完成 | 滚动高风险 | q=0.85 | SOC：10797.5->10797.5 | 临时购电：4.9kWh | 总费用：53676.21元
2025-10-02完成 | 滚动高风险 | q=0.85 | SOC：10797.5->10797.5 | 临时购电：1.7kWh | 总费用：51642.54元
2025-10-03完成 | 滚动高风险 | q=0.85 | SOC：10797.5->10797.5 | 临时购电：9.7kWh | 总费用：21634.62元
2025-10-04完成 | 滚动常规 | q=0.70 | SOC：10797.5->10797.5 | 临时购电：26.2kWh | 总费用：21235.64元
2025-10-05完成 | 滚动常规 | q=0.70 | SOC：10797.5->10797.5 | 临时购电：31.8kWh | 总费用：47555.41元
2025-10-06完成 | 滚动常规 | q=0.70 | SOC：10797.5->10797.5 | 临时购电：25.2kWh | 总费用：48266.51元
2025-10-07完成 | 滚动常规 | q=0.70 | SOC：10797.5->10797.5 | 临时购电：21.8kWh | 总费用：47803.10元
2025-10-08完成 | 滚动常规 | q=0.70 | SOC：10797.5->10797.5 | 临时购电：28.4kWh | 总费用：48603.33元
2025-10-09完成 | 滚动常规 | q=0.70 | SOC：10797.5->10797.5 | 临时购电：13.6kWh | 总费用：47530.48元
2025-10-10完成 | 滚动常规 | q=0.70 | SOC：10797.5->10797.5 | 临时购电：52.0kWh | 总费用：19468.74元
2025-10-11完成 | 滚动常规 | q=0.70 | SOC：10797.5->10797.5 | 临时购电：30.2kWh | 总费用：20393.96元
2025-10-12完成 | 滚动常规 | q=0.70 | SOC：10797.5->10797.5 | 临时购电：52.1kWh | 总费用：48315.98元
2025-10-13完成 | 滚动常规 | q=0.70 | SOC：10797.5->10797.5 | 临时购电：22.6kWh | 总费用：47782.95元
2025-10-14完成 | 滚动常规 | q=0.70 | SOC：10797.5->10797.5 | 临时购电：37.6kWh | 总费用：48248.94元
2025-10-15完成 | 滚动常规 | q=0.70 | SOC：10797.5->10797.5 | 临时购电：39.2kWh | 总费用：49698.10元
2025-10-16完成 | 滚动常规 | q=0.70 | SOC：10797.5->10797.5 | 临时购电：52.2kWh | 总费用：49471.00元
2025-10-17完成 | 滚动常规 | q=0.70 | SOC：10797.5->10797.5 | 临时购电：58.8kWh | 总费用：19956.90元
2025-10-18完成 | 滚动常规 | q=0.70 | SOC：10797.5->10797.5 | 临时购电：32.9kWh | 总费用：19999.41元
2025-10-19完成 | 滚动常规 | q=0.70 | SOC：10797.5->10797.5 | 临时购电：49.0kWh | 总费用：50135.26元
2025-10-20完成 | 滚动常规 | q=0.70 | SOC：10797.5->10797.5 | 临时购电：24.3kWh | 总费用：50962.16元
2025-10-21完成 | 滚动常规 | q=0.70 | SOC：10797.5->10797.5 | 临时购电：53.0kWh | 总费用：52275.65元
2025-10-22完成 | 滚动常规 | q=0.70 | SOC：10797.5->10797.5 | 临时购电：41.3kWh | 总费用：50181.62元
2025-10-23完成 | 滚动常规 | q=0.70 | SOC：10797.5->10797.5 | 临时购电：25.0kWh | 总费用：50398.38元
2025-10-24完成 | 滚动常规 | q=0.70 | SOC：10797.5->10715.0 | 临时购电：52.6kWh | 总费用：19091.53元
2025-10-25完成 | 滚动常规 | q=0.70 | SOC：10715.0->10797.5 | 临时购电：50.4kWh | 总费用：19553.14元
2025-10-26完成 | 滚动常规 | q=0.70 | SOC：10797.5->10797.5 | 临时购电：26.9kWh | 总费用：51222.26元
2025-10-27完成 | 滚动常规 | q=0.70 | SOC：10797.5->10797.5 | 临时购电：29.4kWh | 总费用：50686.88元
2025-10-28完成 | 滚动常规 | q=0.70 | SOC：10797.5->10797.5 | 临时购电：33.9kWh | 总费用：50979.64元
2025-10-29完成 | 滚动常规 | q=0.70 | SOC：10797.5->10577.5 | 临时购电：22.7kWh | 总费用：49927.67元
2025-10-30完成 | 滚动常规 | q=0.70 | SOC：10577.5->10797.5 | 临时购电：17.9kWh | 总费用：51441.40元
2025-10-31完成 | 滚动常规 | q=0.70 | SOC：10797.5->10550.0 | 临时购电：91.9kWh | 总费用：19619.42元
2025-11-01完成 | 滚动常规 | q=0.70 | SOC：10550.0->10797.5 | 临时购电：52.7kWh | 总费用：19944.20元
2025-11-02完成 | 滚动常规 | q=0.70 | SOC：10797.5->10687.5 | 临时购电：26.9kWh | 总费用：52427.90元
2025-11-03完成 | 滚动常规 | q=0.70 | SOC：10687.5->10797.5 | 临时购电：25.7kWh | 总费用：52850.42元
2025-11-04完成 | 滚动常规 | q=0.70 | SOC：10797.5->10577.5 | 临时购电：39.7kWh | 总费用：52815.50元
2025-11-05完成 | 滚动常规 | q=0.70 | SOC：10577.5->10797.5 | 临时购电：23.0kWh | 总费用：53606.68元
2025-11-06完成 | 滚动常规 | q=0.70 | SOC：10797.5->10797.5 | 临时购电：40.0kWh | 总费用：53174.53元
2025-11-07完成 | 滚动常规 | q=0.70 | SOC：10797.5->10715.0 | 临时购电：69.0kWh | 总费用：20065.02元
2025-11-08完成 | 滚动常规 | q=0.70 | SOC：10715.0->10797.5 | 临时购电：67.3kWh | 总费用：20143.62元
2025-11-09完成 | 滚动常规 | q=0.70 | SOC：10797.5->10797.5 | 临时购电：9.2kWh | 总费用：54104.80元
2025-11-10完成 | 滚动常规 | q=0.70 | SOC：10797.5->10797.5 | 临时购电：45.3kWh | 总费用：54870.50元
2025-11-11完成 | 滚动常规 | q=0.70 | SOC：10797.5->10797.5 | 临时购电：27.4kWh | 总费用：55101.53元
2025-11-12完成 | 滚动常规 | q=0.70 | SOC：10797.5->10797.5 | 临时购电：34.6kWh | 总费用：55664.97元
2025-11-13完成 | 滚动常规 | q=0.70 | SOC：10797.5->10797.5 | 临时购电：28.8kWh | 总费用：54372.25元
2025-11-14完成 | 滚动常规 | q=0.70 | SOC：10797.5->10797.5 | 临时购电：68.4kWh | 总费用：21088.19元
2025-11-15完成 | 滚动常规 | q=0.70 | SOC：10797.5->10715.0 | 临时购电：61.1kWh | 总费用：21130.77元
2025-11-16完成 | 滚动常规 | q=0.70 | SOC：10715.0->10797.5 | 临时购电：30.0kWh | 总费用：56430.69元
2025-11-17完成 | 滚动常规 | q=0.70 | SOC：10797.5->10797.5 | 临时购电：48.3kWh | 总费用：56666.05元
2025-11-18完成 | 滚动常规 | q=0.70 | SOC：10797.5->10797.5 | 临时购电：31.7kWh | 总费用：56506.05元
2025-11-19完成 | 滚动常规 | q=0.70 | SOC：10797.5->10742.5 | 临时购电：37.6kWh | 总费用：56961.52元
2025-11-20完成 | 滚动常规 | q=0.70 | SOC：10742.5->10797.5 | 临时购电：16.3kWh | 总费用：57164.03元
2025-11-21完成 | 滚动常规 | q=0.70 | SOC：10797.5->10797.5 | 临时购电：106.7kWh | 总费用：21823.15元
2025-11-22完成 | 滚动常规 | q=0.70 | SOC：10797.5->10797.5 | 临时购电：56.3kWh | 总费用：21939.15元
2025-11-23完成 | 滚动常规 | q=0.70 | SOC：10797.5->10797.5 | 临时购电：24.2kWh | 总费用：58111.46元
2025-11-24完成 | 滚动常规 | q=0.70 | SOC：10797.5->10660.0 | 临时购电：12.8kWh | 总费用：57888.83元
2025-11-25完成 | 滚动常规 | q=0.70 | SOC：10660.0->10797.5 | 临时购电：8.7kWh | 总费用：57233.24元
2025-11-26完成 | 滚动常规 | q=0.70 | SOC：10797.5->10797.5 | 临时购电：18.8kWh | 总费用：57969.34元
2025-11-27完成 | 滚动常规 | q=0.70 | SOC：10797.5->10797.5 | 临时购电：1.9kWh | 总费用：58864.18元
2025-11-28完成 | 滚动常规 | q=0.70 | SOC：10797.5->10742.5 | 临时购电：30.2kWh | 总费用：22948.66元
2025-11-29完成 | 滚动常规 | q=0.70 | SOC：10742.5->10797.5 | 临时购电：50.1kWh | 总费用：22868.37元
2025-11-30完成 | 滚动常规 | q=0.70 | SOC：10797.5->10797.5 | 临时购电：26.6kWh | 总费用：59610.18元
2025-12-01完成 | 滚动常规 | q=0.70 | SOC：10797.5->10797.5 | 临时购电：1343.0kWh | 总费用：65212.32元
2025-12-02完成 | 滚动高风险 | q=0.85 | SOC：10797.5->10797.5 | 临时购电：1536.8kWh | 总费用：69240.52元
2025-12-03完成 | 滚动高风险 | q=0.85 | SOC：10797.5->10797.5 | 临时购电：235.1kWh | 总费用：63168.63元
2025-12-04完成 | 滚动高风险 | q=0.85 | SOC：10797.5->10797.5 | 临时购电：541.2kWh | 总费用：65437.33元
2025-12-05完成 | 滚动高风险 | q=0.85 | SOC：10797.5->10770.0 | 临时购电：147.9kWh | 总费用：27259.48元
2025-12-06完成 | 滚动常规 | q=0.70 | SOC：10770.0->10412.5 | 临时购电：2563.3kWh | 总费用：32478.19元
2025-12-07完成 | 滚动高风险 | q=0.85 | SOC：10412.5->10797.5 | 临时购电：32.1kWh | 总费用：65460.84元
2025-12-08完成 | 滚动高风险 | q=0.85 | SOC：10797.5->10797.5 | 临时购电：10.1kWh | 总费用：71153.92元
2025-12-09完成 | 滚动高风险 | q=0.85 | SOC：10797.5->10797.5 | 临时购电：7.8kWh | 总费用：70652.04元
2025-12-10完成 | 滚动常规 | q=0.70 | SOC：10797.5->10797.5 | 临时购电：52.7kWh | 总费用：66217.41元
2025-12-11完成 | 滚动常规 | q=0.70 | SOC：10797.5->10797.5 | 临时购电：61.8kWh | 总费用：66097.48元
2025-12-12完成 | 滚动常规 | q=0.70 | SOC：10797.5->10797.5 | 临时购电：126.0kWh | 总费用：28231.99元
2025-12-13完成 | 滚动常规 | q=0.70 | SOC：10797.5->10797.5 | 临时购电：76.0kWh | 总费用：28860.39元
2025-12-14完成 | 滚动常规 | q=0.70 | SOC：10797.5->10797.5 | 临时购电：44.8kWh | 总费用：67537.52元
2025-12-15完成 | 滚动常规 | q=0.70 | SOC：10797.5->10797.5 | 临时购电：11.2kWh | 总费用：69112.10元
2025-12-16完成 | 滚动常规 | q=0.70 | SOC：10797.5->10797.5 | 临时购电：24.3kWh | 总费用：68837.73元
2025-12-17完成 | 滚动常规 | q=0.70 | SOC：10797.5->10797.5 | 临时购电：14.4kWh | 总费用：68304.52元
2025-12-18完成 | 滚动常规 | q=0.70 | SOC：10797.5->10797.5 | 临时购电：35.9kWh | 总费用：67690.22元
2025-12-19完成 | 滚动常规 | q=0.70 | SOC：10797.5->10742.5 | 临时购电：28.3kWh | 总费用：30329.07元
2025-12-20完成 | 滚动常规 | q=0.70 | SOC：10742.5->10660.0 | 临时购电：16.8kWh | 总费用：29883.89元
2025-12-21完成 | 滚动常规 | q=0.70 | SOC：10660.0->10797.5 | 临时购电：19.8kWh | 总费用：68649.60元
2025-12-22完成 | 滚动常规 | q=0.70 | SOC：10797.5->10522.5 | 临时购电：7.6kWh | 总费用：68116.36元
2025-12-23完成 | 滚动常规 | q=0.70 | SOC：10522.5->10797.5 | 临时购电：5.2kWh | 总费用：68868.15元
2025-12-24完成 | 滚动常规 | q=0.70 | SOC：10797.5->10770.0 | 临时购电：9.9kWh | 总费用：68296.00元
2025-12-25完成 | 滚动常规 | q=0.70 | SOC：10770.0->10770.0 | 临时购电：9.0kWh | 总费用：68655.80元
2025-12-26完成 | 滚动常规 | q=0.70 | SOC：10770.0->10797.5 | 临时购电：39.3kWh | 总费用：30169.88元
2025-12-27完成 | 滚动常规 | q=0.70 | SOC：10797.5->10770.0 | 临时购电：27.1kWh | 总费用：30090.53元
2025-12-28完成 | 滚动常规 | q=0.70 | SOC：10770.0->10797.5 | 临时购电：10.3kWh | 总费用：68445.66元
2025-12-29完成 | 滚动常规 | q=0.70 | SOC：10797.5->10742.5 | 临时购电：8.2kWh | 总费用：68231.72元
2025-12-30完成 | 滚动常规 | q=0.70 | SOC：10742.5->10797.5 | 临时购电：5.8kWh | 总费用：67913.48元
2025-12-31完成 | 滚动常规 | q=0.70 | SOC：10797.5->10550.0 | 临时购电：4.5kWh | 总费用：67506.76元

========== 问题二正式评价完成 ==========
正式评价区间：2025-02-01 至 2025-12-31
正式评价天数：334
未纳入评价的预热天数：31
日末库存价值系数：0.481548 元/kWh
计划购电费用：14753066.79 元
临时购电费用：299168.62 元
总费用：15052235.41 元
临时购电总量：68294.48 kWh
结果明细：C:\Users\LENOVO\Desktop\数模\C题\outputs\problem2_same_type_sweep_27.5\problem2_detail.csv
每日汇总：C:\Users\LENOVO\Desktop\数模\C题\outputs\problem2_same_type_sweep_27.5\problem2_daily_summary.csv
提交表格：C:\Users\LENOVO\Desktop\数模\C题\outputs\problem2_same_type_sweep_27.5\result2.xlsx
包含三张表：
  1. 计划购电量（日期×144时段）
  2. 充放电量（6个4小时时段）
  3. 紧急购电量（日期、购电时间段、购电量）
===== soc-step=27.5 总费用 = 15052235.41 元 =====

==================================================
扫描结果汇总（SOC 离散步长 -> 正式评价期总费用）
==================================================
步长 22.5 kWh : 15,037,099.72 元  <-- 最低
步长 27.5 kWh : 15,052,235.41 元
--------------------------------------------------
最低费用点：SOC 步长 = 22.5 kWh，总费用 = 15,037,099.72 元
结果已保存至：C:\Users\LENOVO\Desktop\数模\C题\代码\sweep_soc_step_results_near25.csv
