Traceback (most recent call last):
  File "C:\Users\LENOVO\Desktop\数模\C题\代码\solve_problem2_同类型分解预测.py", line 2995, in <module>
    main()
    ~~~~^^
  File "C:\Users\LENOVO\Desktop\数模\C题\代码\solve_problem2_同类型分解预测.py", line 2419, in main
    raise RuntimeError(
        "结果检验失败：SOC超出允许范围"
    )
RuntimeError: 结果检验失败：SOC超出允许范围
Traceback (most recent call last):
  File "C:\Users\LENOVO\Desktop\数模\C题\代码\sweep_soc_step.py", line 108, in <module>
    main()
    ~~~~^^
  File "C:\Users\LENOVO\Desktop\数模\C题\代码\sweep_soc_step.py", line 77, in main
    row = run_one_step(step)
  File "C:\Users\LENOVO\Desktop\数模\C题\代码\sweep_soc_step.py", line 58, in run_one_step
    raise RuntimeError(
        f"soc-step={step:g} 运行失败，返回码 {result.returncode}"
    )
RuntimeError: soc-step=22.5 运行失败，返回码 1
