
===== 开始运行 soc-step=22.5 =====
正式评价区间：2025-02-01 至 2025-12-31
正式评价天数：334
未纳入正式评价的预热日期：31天
日末库存价值系数：0.481548 元/kWh
预测安全修正：负荷×1.050，非夏季光伏×0.900，7至9月光伏×1.050
预测时间衰减系数：0.900
分解预测设置：同类型日最少3天，日总量趋势截断0.200，光伏最近7天
滚动偏差校准：回看30天，强度0.500
动态分位数：常规[0.5, 0.6, 0.7, 0.75, 0.8, 0.85, 0.9]，高风险[0.85, 0.9, 0.95]
滚动最优分位数：回看30天，最少历史7天，临时购电惩罚×5.0
2025-02-01完成 | 滚动常规 | q=0.90 | SOC：6000.0->10807.5 | 临时购电：8.0kWh | 总费用：32402.80元
2025-02-02完成 | 滚动常规 | q=0.90 | SOC：10807.5->10807.5 | 临时购电：1.2kWh | 总费用：67368.62元
2025-02-03完成 | 滚动常规 | q=0.90 | SOC：10807.5->10807.5 | 临时购电：0.6kWh | 总费用：67033.96元
2025-02-04完成 | 滚动常规 | q=0.90 | SOC：10807.5->10807.5 | 临时购电：0.0kWh | 总费用：68475.89元
2025-02-05完成 | 滚动常规 | q=0.85 | SOC：10807.5->10807.5 | 临时购电：1.3kWh | 总费用：67893.22元
2025-02-06完成 | 滚动常规 | q=0.85 | SOC：10807.5->10807.5 | 临时购电：6.2kWh | 总费用：67673.20元
2025-02-07完成 | 滚动常规 | q=0.85 | SOC：10807.5->10807.5 | 临时购电：1.5kWh | 总费用：29126.86元
2025-02-08完成 | 滚动常规 | q=0.85 | SOC：10807.5->10807.5 | 临时购电：11.3kWh | 总费用：26645.52元
2025-02-09完成 | 滚动常规 | q=0.85 | SOC：10807.5->10807.5 | 临时购电：2.1kWh | 总费用：64455.32元
2025-02-10完成 | 滚动常规 | q=0.85 | SOC：10807.5->10807.5 | 临时购电：2.1kWh | 总费用：63959.87元
2025-02-11完成 | 滚动常规 | q=0.85 | SOC：10807.5->10695.0 | 临时购电：0.9kWh | 总费用：61566.63元
2025-02-12完成 | 滚动常规 | q=0.70 | SOC：10695.0->10807.5 | 临时购电：7.3kWh | 总费用：62008.36元
2025-02-13完成 | 滚动常规 | q=0.70 | SOC：10807.5->10807.5 | 临时购电：3.3kWh | 总费用：62019.13元
2025-02-14完成 | 滚动常规 | q=0.70 | SOC：10807.5->10740.0 | 临时购电：17.7kWh | 总费用：24116.07元
2025-02-15完成 | 滚动常规 | q=0.70 | SOC：10740.0->10740.0 | 临时购电：15.0kWh | 总费用：23622.59元
2025-02-16完成 | 滚动常规 | q=0.70 | SOC：10740.0->10807.5 | 临时购电：7.5kWh | 总费用：60902.52元
2025-02-17完成 | 滚动常规 | q=0.70 | SOC：10807.5->10695.0 | 临时购电：5.3kWh | 总费用：60161.50元
2025-02-18完成 | 滚动常规 | q=0.70 | SOC：10695.0->10807.5 | 临时购电：5.1kWh | 总费用：59846.66元
2025-02-19完成 | 滚动常规 | q=0.70 | SOC：10807.5->10560.0 | 临时购电：18.4kWh | 总费用：58314.38元
2025-02-20完成 | 滚动常规 | q=0.70 | SOC：10560.0->10807.5 | 临时购电：10.2kWh | 总费用：60760.44元
2025-02-21完成 | 滚动常规 | q=0.70 | SOC：10807.5->10807.5 | 临时购电：23.8kWh | 总费用：23332.89元
2025-02-22完成 | 滚动常规 | q=0.70 | SOC：10807.5->10807.5 | 临时购电：30.6kWh | 总费用：22348.70元
2025-02-23完成 | 滚动常规 | q=0.70 | SOC：10807.5->10695.0 | 临时购电：9.2kWh | 总费用：57957.75元
2025-02-24完成 | 滚动常规 | q=0.70 | SOC：10695.0->10785.0 | 临时购电：7.5kWh | 总费用：58414.03元
2025-02-25完成 | 滚动常规 | q=0.70 | SOC：10785.0->10807.5 | 临时购电：15.6kWh | 总费用：59471.46元
2025-02-26完成 | 滚动常规 | q=0.70 | SOC：10807.5->10807.5 | 临时购电：16.3kWh | 总费用：56893.45元
2025-02-27完成 | 滚动常规 | q=0.70 | SOC：10807.5->10807.5 | 临时购电：11.2kWh | 总费用：57786.15元
2025-02-28完成 | 滚动常规 | q=0.70 | SOC：10807.5->10785.0 | 临时购电：41.0kWh | 总费用：21709.47元
2025-03-01完成 | 滚动常规 | q=0.70 | SOC：10785.0->10785.0 | 临时购电：48.5kWh | 总费用：20671.14元
2025-03-02完成 | 滚动常规 | q=0.70 | SOC：10785.0->10695.0 | 临时购电：12.9kWh | 总费用：55822.69元
2025-03-03完成 | 滚动常规 | q=0.70 | SOC：10695.0->10695.0 | 临时购电：28.2kWh | 总费用：56316.20元
2025-03-04完成 | 滚动常规 | q=0.70 | SOC：10695.0->10807.5 | 临时购电：6.6kWh | 总费用：59123.08元
2025-03-05完成 | 滚动常规 | q=0.70 | SOC：10807.5->10717.5 | 临时购电：12.5kWh | 总费用：57758.03元
2025-03-06完成 | 滚动常规 | q=0.70 | SOC：10717.5->10807.5 | 临时购电：23.3kWh | 总费用：57190.38元
2025-03-07完成 | 滚动常规 | q=0.70 | SOC：10807.5->10807.5 | 临时购电：35.7kWh | 总费用：21784.16元
2025-03-08完成 | 滚动常规 | q=0.70 | SOC：10807.5->10695.0 | 临时购电：46.8kWh | 总费用：20086.44元
2025-03-09完成 | 滚动常规 | q=0.70 | SOC：10695.0->10717.5 | 临时购电：10.7kWh | 总费用：54838.45元
2025-03-10完成 | 滚动常规 | q=0.70 | SOC：10717.5->10740.0 | 临时购电：3.2kWh | 总费用：52058.57元
2025-03-11完成 | 滚动常规 | q=0.70 | SOC：10740.0->10807.5 | 临时购电：21.7kWh | 总费用：53305.15元
2025-03-12完成 | 滚动常规 | q=0.70 | SOC：10807.5->10650.0 | 临时购电：28.7kWh | 总费用：53325.36元
2025-03-13完成 | 滚动常规 | q=0.70 | SOC：10650.0->10492.5 | 临时购电：30.8kWh | 总费用：52023.42元
2025-03-14完成 | 滚动常规 | q=0.70 | SOC：10492.5->10582.5 | 临时购电：63.1kWh | 总费用：18868.00元
2025-03-15完成 | 滚动常规 | q=0.70 | SOC：10582.5->10357.5 | 临时购电：64.5kWh | 总费用：19387.95元
2025-03-16完成 | 滚动常规 | q=0.70 | SOC：10357.5->10807.5 | 临时购电：12.3kWh | 总费用：53481.49元
2025-03-17完成 | 滚动常规 | q=0.70 | SOC：10807.5->10807.5 | 临时购电：4.0kWh | 总费用：50856.22元
2025-03-18完成 | 滚动常规 | q=0.70 | SOC：10807.5->10807.5 | 临时购电：17.2kWh | 总费用：50449.51元
2025-03-19完成 | 滚动常规 | q=0.70 | SOC：10807.5->10807.5 | 临时购电：8.0kWh | 总费用：51054.32元
2025-03-20完成 | 滚动常规 | q=0.70 | SOC：10807.5->10717.5 | 临时购电：4.5kWh | 总费用：50339.74元
2025-03-21完成 | 滚动常规 | q=0.70 | SOC：10717.5->10537.5 | 临时购电：43.5kWh | 总费用：18582.03元
2025-03-22完成 | 滚动常规 | q=0.70 | SOC：10537.5->10807.5 | 临时购电：66.2kWh | 总费用：19071.72元
2025-03-23完成 | 滚动常规 | q=0.70 | SOC：10807.5->10785.0 | 临时购电：17.3kWh | 总费用：49934.81元
2025-03-24完成 | 滚动常规 | q=0.70 | SOC：10785.0->10807.5 | 临时购电：9.6kWh | 总费用：50514.20元
2025-03-25完成 | 滚动常规 | q=0.70 | SOC：10807.5->10627.5 | 临时购电：22.8kWh | 总费用：47659.78元
2025-03-26完成 | 滚动常规 | q=0.70 | SOC：10627.5->10740.0 | 临时购电：10.8kWh | 总费用：48208.58元
2025-03-27完成 | 滚动常规 | q=0.70 | SOC：10740.0->10762.5 | 临时购电：27.4kWh | 总费用：47190.38元
2025-03-28完成 | 滚动常规 | q=0.70 | SOC：10762.5->10807.5 | 临时购电：31.5kWh | 总费用：18444.19元
2025-03-29完成 | 滚动常规 | q=0.70 | SOC：10807.5->10807.5 | 临时购电：45.3kWh | 总费用：17827.33元
2025-03-30完成 | 滚动常规 | q=0.70 | SOC：10807.5->10807.5 | 临时购电：22.2kWh | 总费用：47945.29元
2025-03-31完成 | 滚动常规 | q=0.70 | SOC：10807.5->10807.5 | 临时购电：17.6kWh | 总费用：48635.65元
2025-04-01完成 | 滚动常规 | q=0.70 | SOC：10807.5->10807.5 | 临时购电：25.9kWh | 总费用：46981.33元
2025-04-02完成 | 滚动常规 | q=0.70 | SOC：10807.5->10807.5 | 临时购电：14.6kWh | 总费用：47510.44元
2025-04-03完成 | 滚动常规 | q=0.70 | SOC：10807.5->10807.5 | 临时购电：19.9kWh | 总费用：47488.46元
2025-04-04完成 | 滚动常规 | q=0.70 | SOC：10807.5->10807.5 | 临时购电：33.9kWh | 总费用：17581.22元
2025-04-05完成 | 滚动常规 | q=0.70 | SOC：10807.5->10807.5 | 临时购电：29.0kWh | 总费用：17341.63元
2025-04-06完成 | 滚动常规 | q=0.70 | SOC：10807.5->10717.5 | 临时购电：7.8kWh | 总费用：48207.66元
2025-04-07完成 | 滚动常规 | q=0.70 | SOC：10717.5->10807.5 | 临时购电：13.2kWh | 总费用：45741.07元
2025-04-08完成 | 滚动常规 | q=0.70 | SOC：10807.5->10807.5 | 临时购电：3.0kWh | 总费用：45458.66元
2025-04-09完成 | 滚动常规 | q=0.70 | SOC：10807.5->10807.5 | 临时购电：16.4kWh | 总费用：45061.92元
2025-04-10完成 | 滚动常规 | q=0.70 | SOC：10807.5->10807.5 | 临时购电：17.7kWh | 总费用：46400.91元
2025-04-11完成 | 滚动常规 | q=0.70 | SOC：10807.5->10807.5 | 临时购电：13.0kWh | 总费用：16706.87元
2025-04-12完成 | 滚动常规 | q=0.70 | SOC：10807.5->10807.5 | 临时购电：17.6kWh | 总费用：17158.12元
2025-04-13完成 | 滚动常规 | q=0.70 | SOC：10807.5->10785.0 | 临时购电：28.7kWh | 总费用：44766.73元
2025-04-14完成 | 滚动常规 | q=0.70 | SOC：10785.0->10717.5 | 临时购电：27.2kWh | 总费用：44272.39元
2025-04-15完成 | 滚动常规 | q=0.70 | SOC：10717.5->10807.5 | 临时购电：17.4kWh | 总费用：44843.58元
2025-04-16完成 | 滚动常规 | q=0.70 | SOC：10807.5->10807.5 | 临时购电：12.5kWh | 总费用：43234.28元
2025-04-17完成 | 滚动常规 | q=0.70 | SOC：10807.5->10807.5 | 临时购电：11.1kWh | 总费用：44074.42元
2025-04-18完成 | 滚动常规 | q=0.70 | SOC：10807.5->10807.5 | 临时购电：23.6kWh | 总费用：16380.41元
2025-04-19完成 | 滚动常规 | q=0.70 | SOC：10807.5->10807.5 | 临时购电：36.6kWh | 总费用：16422.32元
2025-04-20完成 | 滚动常规 | q=0.70 | SOC：10807.5->10807.5 | 临时购电：12.3kWh | 总费用：42929.68元
2025-04-21完成 | 滚动常规 | q=0.70 | SOC：10807.5->10717.5 | 临时购电：20.4kWh | 总费用：43991.43元
2025-04-22完成 | 滚动常规 | q=0.70 | SOC：10717.5->10807.5 | 临时购电：14.9kWh | 总费用：44280.63元
2025-04-23完成 | 滚动常规 | q=0.70 | SOC：10807.5->10807.5 | 临时购电：14.2kWh | 总费用：42910.76元
2025-04-24完成 | 滚动常规 | q=0.70 | SOC：10807.5->10807.5 | 临时购电：10.9kWh | 总费用：42433.59元
2025-04-25完成 | 滚动常规 | q=0.70 | SOC：10807.5->10807.5 | 临时购电：37.9kWh | 总费用：15382.35元
2025-04-26完成 | 滚动常规 | q=0.70 | SOC：10807.5->10807.5 | 临时购电：14.9kWh | 总费用：15523.08元
2025-04-27完成 | 滚动常规 | q=0.70 | SOC：10807.5->10807.5 | 临时购电：17.6kWh | 总费用：39966.79元
2025-04-28完成 | 滚动常规 | q=0.70 | SOC：10807.5->10807.5 | 临时购电：13.3kWh | 总费用：42393.74元
2025-04-29完成 | 滚动常规 | q=0.70 | SOC：10807.5->10807.5 | 临时购电：13.9kWh | 总费用：42326.60元
2025-04-30完成 | 滚动常规 | q=0.70 | SOC：10807.5->10785.0 | 临时购电：22.4kWh | 总费用：42539.71元
2025-05-01完成 | 滚动常规 | q=0.70 | SOC：10785.0->9817.5 | 临时购电：575.8kWh | 总费用：45475.53元
2025-05-02完成 | 滚动常规 | q=0.70 | SOC：9817.5->9885.0 | 临时购电：679.1kWh | 总费用：19738.78元
2025-05-03完成 | 滚动常规 | q=0.70 | SOC：9885.0->10042.5 | 临时购电：853.4kWh | 总费用：20448.12元
2025-05-04完成 | 滚动常规 | q=0.70 | SOC：10042.5->9907.5 | 临时购电：564.5kWh | 总费用：45576.14元
2025-05-05完成 | 滚动常规 | q=0.70 | SOC：9907.5->10042.5 | 临时购电：319.0kWh | 总费用：43599.13元
2025-05-06完成 | 滚动常规 | q=0.70 | SOC：10042.5->9817.5 | 临时购电：368.6kWh | 总费用：44015.67元
2025-05-07完成 | 滚动常规 | q=0.70 | SOC：9817.5->9997.5 | 临时购电：418.5kWh | 总费用：46866.58元
2025-05-08完成 | 滚动常规 | q=0.70 | SOC：9997.5->10155.0 | 临时购电：83.0kWh | 总费用：45750.82元
2025-05-09完成 | 滚动常规 | q=0.70 | SOC：10155.0->10200.0 | 临时购电：42.1kWh | 总费用：17056.87元
2025-05-10完成 | 滚动常规 | q=0.70 | SOC：10200.0->10042.5 | 临时购电：104.9kWh | 总费用：17267.26元
2025-05-11完成 | 滚动常规 | q=0.70 | SOC：10042.5->10200.0 | 临时购电：180.8kWh | 总费用：46381.06元
2025-05-12完成 | 滚动常规 | q=0.70 | SOC：10200.0->10515.0 | 临时购电：21.9kWh | 总费用：44694.24元
2025-05-13完成 | 滚动常规 | q=0.70 | SOC：10515.0->10515.0 | 临时购电：35.7kWh | 总费用：45084.05元
2025-05-14完成 | 滚动常规 | q=0.70 | SOC：10515.0->10425.0 | 临时购电：28.9kWh | 总费用：44749.11元
2025-05-15完成 | 滚动常规 | q=0.70 | SOC：10425.0->10807.5 | 临时购电：20.5kWh | 总费用：44439.50元
2025-05-16完成 | 滚动常规 | q=0.70 | SOC：10807.5->10807.5 | 临时购电：16.4kWh | 总费用：16924.64元
2025-05-17完成 | 滚动常规 | q=0.70 | SOC：10807.5->10650.0 | 临时购电：38.7kWh | 总费用：17129.35元
2025-05-18完成 | 滚动常规 | q=0.70 | SOC：10650.0->10807.5 | 临时购电：18.2kWh | 总费用：43457.25元
2025-05-19完成 | 滚动常规 | q=0.70 | SOC：10807.5->10650.0 | 临时购电：74.2kWh | 总费用：43946.82元
2025-05-20完成 | 滚动常规 | q=0.70 | SOC：10650.0->10582.5 | 临时购电：26.1kWh | 总费用：41949.43元
2025-05-21完成 | 滚动常规 | q=0.70 | SOC：10582.5->10807.5 | 临时购电：24.0kWh | 总费用：42745.57元
2025-05-22完成 | 滚动常规 | q=0.70 | SOC：10807.5->10807.5 | 临时购电：12.9kWh | 总费用：42523.98元
2025-05-23完成 | 滚动常规 | q=0.70 | SOC：10807.5->10807.5 | 临时购电：31.0kWh | 总费用：17563.18元
2025-05-24完成 | 滚动常规 | q=0.70 | SOC：10807.5->10807.5 | 临时购电：43.6kWh | 总费用：17846.44元
2025-05-25完成 | 滚动常规 | q=0.70 | SOC：10807.5->10807.5 | 临时购电：4.2kWh | 总费用：42616.65元
2025-05-26完成 | 滚动常规 | q=0.70 | SOC：10807.5->10807.5 | 临时购电：20.5kWh | 总费用：43969.21元
2025-05-27完成 | 滚动常规 | q=0.70 | SOC：10807.5->10807.5 | 临时购电：31.8kWh | 总费用：42828.16元
2025-05-28完成 | 滚动常规 | q=0.70 | SOC：10807.5->10807.5 | 临时购电：12.3kWh | 总费用：42395.59元
2025-05-29完成 | 滚动常规 | q=0.70 | SOC：10807.5->10807.5 | 临时购电：21.1kWh | 总费用：43069.87元
2025-05-30完成 | 滚动常规 | q=0.70 | SOC：10807.5->10807.5 | 临时购电：15.0kWh | 总费用：17869.27元
2025-05-31完成 | 滚动常规 | q=0.70 | SOC：10807.5->10762.5 | 临时购电：36.0kWh | 总费用：18047.69元
2025-06-01完成 | 滚动常规 | q=0.70 | SOC：10762.5->9570.0 | 临时购电：2266.9kWh | 总费用：56174.25元
2025-06-02完成 | 滚动高风险 | q=0.85 | SOC：9570.0->9637.5 | 临时购电：1376.7kWh | 总费用：56078.40元
2025-06-03完成 | 滚动高风险 | q=0.85 | SOC：9637.5->9885.0 | 临时购电：247.1kWh | 总费用：51062.25元
2025-06-04完成 | 滚动高风险 | q=0.85 | SOC：9885.0->9795.0 | 临时购电：262.6kWh | 总费用：51828.79元
2025-06-05完成 | 滚动高风险 | q=0.85 | SOC：9795.0->9930.0 | 临时购电：293.1kWh | 总费用：53262.98元
2025-06-06完成 | 滚动常规 | q=0.70 | SOC：9930.0->9525.0 | 临时购电：4099.4kWh | 总费用：39012.72元
2025-06-07完成 | 滚动高风险 | q=0.85 | SOC：9525.0->10020.0 | 临时购电：336.0kWh | 总费用：24091.86元
2025-06-08完成 | 滚动高风险 | q=0.85 | SOC：10020.0->10807.5 | 临时购电：19.5kWh | 总费用：61485.50元
2025-06-09完成 | 滚动高风险 | q=0.85 | SOC：10807.5->10807.5 | 临时购电：26.2kWh | 总费用：59028.75元
2025-06-10完成 | 滚动常规 | q=0.75 | SOC：10807.5->10515.0 | 临时购电：43.8kWh | 总费用：55353.12元
2025-06-11完成 | 滚动常规 | q=0.75 | SOC：10515.0->10537.5 | 临时购电：67.8kWh | 总费用：55463.72元
2025-06-12完成 | 滚动常规 | q=0.75 | SOC：10537.5->10785.0 | 临时购电：34.8kWh | 总费用：56626.72元
2025-06-13完成 | 滚动常规 | q=0.75 | SOC：10785.0->10447.5 | 临时购电：146.9kWh | 总费用：22175.33元
2025-06-14完成 | 滚动常规 | q=0.75 | SOC：10447.5->10762.5 | 临时购电：153.3kWh | 总费用：23269.79元
2025-06-15完成 | 滚动常规 | q=0.75 | SOC：10762.5->10807.5 | 临时购电：10.0kWh | 总费用：59109.20元
2025-06-16完成 | 滚动常规 | q=0.75 | SOC：10807.5->10807.5 | 临时购电：18.6kWh | 总费用：59272.99元
2025-06-17完成 | 滚动常规 | q=0.75 | SOC：10807.5->10807.5 | 临时购电：62.5kWh | 总费用：57900.51元
2025-06-18完成 | 滚动常规 | q=0.75 | SOC：10807.5->10807.5 | 临时购电：14.1kWh | 总费用：58108.04元
2025-06-19完成 | 滚动常规 | q=0.75 | SOC：10807.5->10807.5 | 临时购电：20.8kWh | 总费用：59235.55元
2025-06-20完成 | 滚动常规 | q=0.75 | SOC：10807.5->10807.5 | 临时购电：82.8kWh | 总费用：24401.54元
2025-06-21完成 | 滚动常规 | q=0.75 | SOC：10807.5->10807.5 | 临时购电：106.1kWh | 总费用：24843.69元
2025-06-22完成 | 滚动常规 | q=0.75 | SOC：10807.5->10807.5 | 临时购电：14.0kWh | 总费用：57191.83元
2025-06-23完成 | 滚动常规 | q=0.75 | SOC：10807.5->10807.5 | 临时购电：16.6kWh | 总费用：56097.19元
2025-06-24完成 | 滚动常规 | q=0.75 | SOC：10807.5->10807.5 | 临时购电：78.2kWh | 总费用：55556.29元
2025-06-25完成 | 滚动常规 | q=0.75 | SOC：10807.5->10807.5 | 临时购电：11.1kWh | 总费用：56031.85元
2025-06-26完成 | 滚动常规 | q=0.75 | SOC：10807.5->10807.5 | 临时购电：9.4kWh | 总费用：56858.17元
2025-06-27完成 | 滚动常规 | q=0.75 | SOC：10807.5->10807.5 | 临时购电：94.4kWh | 总费用：23710.31元
2025-06-28完成 | 滚动常规 | q=0.75 | SOC：10807.5->10807.5 | 临时购电：95.5kWh | 总费用：24081.13元
2025-06-29完成 | 滚动常规 | q=0.75 | SOC：10807.5->10807.5 | 临时购电：27.3kWh | 总费用：56691.57元
2025-06-30完成 | 滚动常规 | q=0.75 | SOC：10807.5->10762.5 | 临时购电：11.4kWh | 总费用：56856.04元
2025-07-01完成 | 滚动常规 | q=0.75 | SOC：10762.5->9682.5 | 临时购电：3157.8kWh | 总费用：64411.58元
2025-07-02完成 | 滚动高风险 | q=0.85 | SOC：9682.5->9817.5 | 临时购电：576.5kWh | 总费用：55777.66元
2025-07-03完成 | 滚动高风险 | q=0.85 | SOC：9817.5->9907.5 | 临时购电：2354.1kWh | 总费用：63693.07元
2025-07-04完成 | 滚动高风险 | q=0.85 | SOC：9907.5->9615.0 | 临时购电：2402.9kWh | 总费用：33083.25元
2025-07-05完成 | 滚动高风险 | q=0.85 | SOC：9615.0->9750.0 | 临时购电：2940.5kWh | 总费用：36975.40元
2025-07-06完成 | 滚动高风险 | q=0.85 | SOC：9750.0->9795.0 | 临时购电：6286.9kWh | 总费用：77293.45元
2025-07-07完成 | 滚动高风险 | q=0.85 | SOC：9795.0->9727.5 | 临时购电：519.2kWh | 总费用：51901.27元
2025-07-08完成 | 滚动高风险 | q=0.85 | SOC：9727.5->10807.5 | 临时购电：18.2kWh | 总费用：59983.71元
2025-07-09完成 | 滚动高风险 | q=0.85 | SOC：10807.5->10807.5 | 临时购电：11.4kWh | 总费用：61297.71元
2025-07-10完成 | 滚动常规 | q=0.75 | SOC：10807.5->10672.5 | 临时购电：77.9kWh | 总费用：54707.63元
2025-07-11完成 | 滚动常规 | q=0.75 | SOC：10672.5->10695.0 | 临时购电：165.2kWh | 总费用：27233.50元
2025-07-12完成 | 滚动常规 | q=0.75 | SOC：10695.0->10537.5 | 临时购电：53.7kWh | 总费用：26626.33元
2025-07-13完成 | 滚动常规 | q=0.80 | SOC：10537.5->10807.5 | 临时购电：34.8kWh | 总费用：55009.49元
2025-07-14完成 | 滚动常规 | q=0.80 | SOC：10807.5->10807.5 | 临时购电：31.9kWh | 总费用：55530.72元
2025-07-15完成 | 滚动常规 | q=0.80 | SOC：10807.5->10807.5 | 临时购电：21.9kWh | 总费用：57011.38元
2025-07-16完成 | 滚动常规 | q=0.80 | SOC：10807.5->10807.5 | 临时购电：31.3kWh | 总费用：55200.32元
2025-07-17完成 | 滚动常规 | q=0.80 | SOC：10807.5->10807.5 | 临时购电：23.5kWh | 总费用：54491.88元
2025-07-18完成 | 滚动常规 | q=0.80 | SOC：10807.5->10807.5 | 临时购电：145.5kWh | 总费用：28179.16元
2025-07-19完成 | 滚动常规 | q=0.80 | SOC：10807.5->10807.5 | 临时购电：15.6kWh | 总费用：28017.79元
2025-07-20完成 | 滚动常规 | q=0.80 | SOC：10807.5->10807.5 | 临时购电：16.5kWh | 总费用：56574.78元
2025-07-21完成 | 滚动常规 | q=0.80 | SOC：10807.5->10807.5 | 临时购电：12.6kWh | 总费用：55897.63元
2025-07-22完成 | 滚动常规 | q=0.80 | SOC：10807.5->10807.5 | 临时购电：23.2kWh | 总费用：57655.14元
2025-07-23完成 | 滚动常规 | q=0.80 | SOC：10807.5->10807.5 | 临时购电：25.9kWh | 总费用：56673.97元
2025-07-24完成 | 滚动常规 | q=0.80 | SOC：10807.5->10807.5 | 临时购电：84.5kWh | 总费用：56192.92元
2025-07-25完成 | 滚动常规 | q=0.80 | SOC：10807.5->10807.5 | 临时购电：110.7kWh | 总费用：28027.27元
2025-07-26完成 | 滚动常规 | q=0.80 | SOC：10807.5->10807.5 | 临时购电：34.3kWh | 总费用：28275.75元
2025-07-27完成 | 滚动常规 | q=0.80 | SOC：10807.5->10807.5 | 临时购电：341.5kWh | 总费用：57643.64元
2025-07-28完成 | 滚动常规 | q=0.80 | SOC：10807.5->10807.5 | 临时购电：449.2kWh | 总费用：56380.32元
2025-07-29完成 | 滚动常规 | q=0.80 | SOC：10807.5->10807.5 | 临时购电：21.0kWh | 总费用：57468.40元
2025-07-30完成 | 滚动常规 | q=0.80 | SOC：10807.5->10807.5 | 临时购电：23.8kWh | 总费用：55648.14元
2025-07-31完成 | 滚动常规 | q=0.80 | SOC：10807.5->10807.5 | 临时购电：19.9kWh | 总费用：56487.49元
2025-08-01完成 | 滚动常规 | q=0.80 | SOC：10807.5->10807.5 | 临时购电：21.1kWh | 总费用：27359.25元
2025-08-02完成 | 滚动常规 | q=0.80 | SOC：10807.5->10807.5 | 临时购电：8.9kWh | 总费用：27380.97元
2025-08-03完成 | 滚动常规 | q=0.80 | SOC：10807.5->10807.5 | 临时购电：11.1kWh | 总费用：53145.81元
2025-08-04完成 | 滚动常规 | q=0.80 | SOC：10807.5->10807.5 | 临时购电：14.2kWh | 总费用：50564.21元
2025-08-05完成 | 滚动常规 | q=0.75 | SOC：10807.5->10807.5 | 临时购电：9.5kWh | 总费用：49560.87元
2025-08-06完成 | 滚动常规 | q=0.75 | SOC：10807.5->10807.5 | 临时购电：870.5kWh | 总费用：52065.38元
2025-08-07完成 | 滚动常规 | q=0.75 | SOC：10807.5->10807.5 | 临时购电：21.9kWh | 总费用：47894.39元
2025-08-08完成 | 滚动常规 | q=0.75 | SOC：10807.5->10807.5 | 临时购电：27.9kWh | 总费用：26054.18元
2025-08-09完成 | 滚动常规 | q=0.75 | SOC：10807.5->10807.5 | 临时购电：153.0kWh | 总费用：26174.42元
2025-08-10完成 | 滚动常规 | q=0.75 | SOC：10807.5->10807.5 | 临时购电：45.2kWh | 总费用：49890.06元
2025-08-11完成 | 滚动常规 | q=0.75 | SOC：10807.5->10807.5 | 临时购电：29.5kWh | 总费用：50414.44元
2025-08-12完成 | 滚动常规 | q=0.70 | SOC：10807.5->10807.5 | 临时购电：247.6kWh | 总费用：49164.12元
2025-08-13完成 | 滚动常规 | q=0.70 | SOC：10807.5->10807.5 | 临时购电：136.7kWh | 总费用：48376.22元
2025-08-14完成 | 滚动常规 | q=0.70 | SOC：10807.5->10807.5 | 临时购电：75.5kWh | 总费用：49975.02元
2025-08-15完成 | 滚动常规 | q=0.70 | SOC：10807.5->10807.5 | 临时购电：63.0kWh | 总费用：25264.32元
2025-08-16完成 | 滚动常规 | q=0.70 | SOC：10807.5->10807.5 | 临时购电：37.9kWh | 总费用：25253.44元
2025-08-17完成 | 滚动常规 | q=0.70 | SOC：10807.5->10807.5 | 临时购电：48.2kWh | 总费用：49151.79元
2025-08-18完成 | 滚动常规 | q=0.70 | SOC：10807.5->10807.5 | 临时购电：39.7kWh | 总费用：50323.05元
2025-08-19完成 | 滚动常规 | q=0.70 | SOC：10807.5->10807.5 | 临时购电：41.2kWh | 总费用：48429.49元
2025-08-20完成 | 滚动常规 | q=0.70 | SOC：10807.5->10807.5 | 临时购电：2128.6kWh | 总费用：56218.26元
2025-08-21完成 | 滚动高风险 | q=0.85 | SOC：10807.5->10807.5 | 临时购电：24.8kWh | 总费用：52843.06元
2025-08-22完成 | 滚动高风险 | q=0.85 | SOC：10807.5->10807.5 | 临时购电：114.9kWh | 总费用：27019.75元
2025-08-23完成 | 滚动高风险 | q=0.85 | SOC：10807.5->10807.5 | 临时购电：10.8kWh | 总费用：26673.96元
2025-08-24完成 | 滚动常规 | q=0.70 | SOC：10807.5->10807.5 | 临时购电：56.2kWh | 总费用：48988.53元
2025-08-25完成 | 滚动常规 | q=0.70 | SOC：10807.5->10807.5 | 临时购电：1265.6kWh | 总费用：54316.26元
2025-08-26完成 | 滚动高风险 | q=0.85 | SOC：10807.5->10807.5 | 临时购电：35.2kWh | 总费用：52954.73元
2025-08-27完成 | 滚动高风险 | q=0.85 | SOC：10807.5->10807.5 | 临时购电：19.8kWh | 总费用：51853.13元
2025-08-28完成 | 滚动高风险 | q=0.85 | SOC：10807.5->10807.5 | 临时购电：67.7kWh | 总费用：53279.39元
2025-08-29完成 | 滚动常规 | q=0.70 | SOC：10807.5->10807.5 | 临时购电：217.8kWh | 总费用：27133.48元
2025-08-30完成 | 滚动常规 | q=0.70 | SOC：10807.5->10807.5 | 临时购电：39.7kWh | 总费用：26389.80元
2025-08-31完成 | 滚动常规 | q=0.70 | SOC：10807.5->10807.5 | 临时购电：126.1kWh | 总费用：49469.66元
2025-09-01完成 | 滚动常规 | q=0.70 | SOC：10807.5->10807.5 | 临时购电：8.8kWh | 总费用：47541.27元
2025-09-02完成 | 滚动常规 | q=0.70 | SOC：10807.5->10807.5 | 临时购电：20.8kWh | 总费用：48591.73元
2025-09-03完成 | 滚动常规 | q=0.70 | SOC：10807.5->10807.5 | 临时购电：5.6kWh | 总费用：48130.63元
2025-09-04完成 | 滚动常规 | q=0.70 | SOC：10807.5->10807.5 | 临时购电：12.1kWh | 总费用：48078.78元
2025-09-05完成 | 滚动常规 | q=0.70 | SOC：10807.5->10807.5 | 临时购电：1.5kWh | 总费用：25541.33元
2025-09-06完成 | 滚动常规 | q=0.70 | SOC：10807.5->10807.5 | 临时购电：4.0kWh | 总费用：26064.83元
2025-09-07完成 | 滚动常规 | q=0.70 | SOC：10807.5->10807.5 | 临时购电：70.6kWh | 总费用：47780.79元
2025-09-08完成 | 滚动常规 | q=0.70 | SOC：10807.5->10807.5 | 临时购电：3056.8kWh | 总费用：53327.60元
2025-09-09完成 | 滚动高风险 | q=0.85 | SOC：10807.5->10807.5 | 临时购电：14.1kWh | 总费用：46796.85元
2025-09-10完成 | 滚动高风险 | q=0.85 | SOC：10807.5->10807.5 | 临时购电：2000.5kWh | 总费用：54132.05元
2025-09-11完成 | 滚动高风险 | q=0.85 | SOC：10807.5->10807.5 | 临时购电：26.1kWh | 总费用：47299.21元
2025-09-12完成 | 滚动高风险 | q=0.85 | SOC：10807.5->10807.5 | 临时购电：68.0kWh | 总费用：24020.03元
2025-09-13完成 | 滚动高风险 | q=0.85 | SOC：10807.5->10807.5 | 临时购电：8.3kWh | 总费用：24559.86元
2025-09-14完成 | 滚动常规 | q=0.75 | SOC：10807.5->10807.5 | 临时购电：2799.4kWh | 总费用：53349.83元
2025-09-15完成 | 滚动高风险 | q=0.85 | SOC：10807.5->10807.5 | 临时购电：29.1kWh | 总费用：48481.30元
2025-09-16完成 | 滚动高风险 | q=0.85 | SOC：10807.5->10807.5 | 临时购电：47.3kWh | 总费用：48296.24元
2025-09-17完成 | 滚动高风险 | q=0.85 | SOC：10807.5->10807.5 | 临时购电：127.0kWh | 总费用：48762.03元
2025-09-18完成 | 滚动常规 | q=0.75 | SOC：10807.5->10807.5 | 临时购电：177.6kWh | 总费用：48052.02元
2025-09-19完成 | 滚动常规 | q=0.75 | SOC：10807.5->10807.5 | 临时购电：32.5kWh | 总费用：23823.81元
2025-09-20完成 | 滚动常规 | q=0.75 | SOC：10807.5->10807.5 | 临时购电：274.3kWh | 总费用：24997.79元
2025-09-21完成 | 滚动常规 | q=0.75 | SOC：10807.5->10807.5 | 临时购电：85.5kWh | 总费用：47262.26元
2025-09-22完成 | 滚动常规 | q=0.70 | SOC：10807.5->10807.5 | 临时购电：50.7kWh | 总费用：44521.66元
2025-09-23完成 | 滚动常规 | q=0.70 | SOC：10807.5->10807.5 | 临时购电：325.4kWh | 总费用：45476.44元
2025-09-24完成 | 滚动常规 | q=0.70 | SOC：10807.5->10807.5 | 临时购电：376.9kWh | 总费用：45960.30元
2025-09-25完成 | 滚动常规 | q=0.70 | SOC：10807.5->10807.5 | 临时购电：64.5kWh | 总费用：44752.05元
2025-09-26完成 | 滚动常规 | q=0.70 | SOC：10807.5->10807.5 | 临时购电：35.1kWh | 总费用：21104.97元
2025-09-27完成 | 滚动常规 | q=0.70 | SOC：10807.5->10492.5 | 临时购电：356.2kWh | 总费用：22536.80元
2025-09-28完成 | 滚动常规 | q=0.70 | SOC：10492.5->10807.5 | 临时购电：784.7kWh | 总费用：48433.74元
2025-09-29完成 | 滚动常规 | q=0.70 | SOC：10807.5->10807.5 | 临时购电：46.4kWh | 总费用：45340.09元
2025-09-30完成 | 滚动常规 | q=0.70 | SOC：10807.5->10695.0 | 临时购电：2279.2kWh | 总费用：54168.99元
2025-10-01完成 | 滚动高风险 | q=0.85 | SOC：10695.0->10807.5 | 临时购电：0.0kWh | 总费用：53705.11元
2025-10-02完成 | 滚动高风险 | q=0.85 | SOC：10807.5->10807.5 | 临时购电：18.3kWh | 总费用：51712.18元
2025-10-03完成 | 滚动高风险 | q=0.85 | SOC：10807.5->10807.5 | 临时购电：6.9kWh | 总费用：21636.10元
2025-10-04完成 | 滚动常规 | q=0.70 | SOC：10807.5->10807.5 | 临时购电：23.6kWh | 总费用：21234.49元
2025-10-05完成 | 滚动常规 | q=0.70 | SOC：10807.5->10807.5 | 临时购电：40.4kWh | 总费用：47603.52元
2025-10-06完成 | 滚动常规 | q=0.70 | SOC：10807.5->10807.5 | 临时购电：22.8kWh | 总费用：48244.96元
2025-10-07完成 | 滚动常规 | q=0.70 | SOC：10807.5->10807.5 | 临时购电：16.1kWh | 总费用：47766.45元
2025-10-08完成 | 滚动常规 | q=0.70 | SOC：10807.5->10807.5 | 临时购电：23.0kWh | 总费用：48564.29元
2025-10-09完成 | 滚动常规 | q=0.70 | SOC：10807.5->10807.5 | 临时购电：16.7kWh | 总费用：47528.06元
2025-10-10完成 | 滚动常规 | q=0.70 | SOC：10807.5->10807.5 | 临时购电：58.0kWh | 总费用：19485.68元
2025-10-11完成 | 滚动常规 | q=0.70 | SOC：10807.5->10807.5 | 临时购电：17.5kWh | 总费用：20346.79元
2025-10-12完成 | 滚动常规 | q=0.70 | SOC：10807.5->10807.5 | 临时购电：17.8kWh | 总费用：48161.94元
2025-10-13完成 | 滚动常规 | q=0.70 | SOC：10807.5->10807.5 | 临时购电：13.9kWh | 总费用：47746.46元
2025-10-14完成 | 滚动常规 | q=0.70 | SOC：10807.5->10807.5 | 临时购电：38.8kWh | 总费用：48251.78元
2025-10-15完成 | 滚动常规 | q=0.70 | SOC：10807.5->10807.5 | 临时购电：35.9kWh | 总费用：49676.95元
2025-10-16完成 | 滚动常规 | q=0.70 | SOC：10807.5->10807.5 | 临时购电：24.1kWh | 总费用：49343.68元
2025-10-17完成 | 滚动常规 | q=0.70 | SOC：10807.5->10807.5 | 临时购电：45.6kWh | 总费用：19903.63元
2025-10-18完成 | 滚动常规 | q=0.70 | SOC：10807.5->10807.5 | 临时购电：29.1kWh | 总费用：19961.79元
2025-10-19完成 | 滚动常规 | q=0.70 | SOC：10807.5->10807.5 | 临时购电：31.8kWh | 总费用：50079.87元
2025-10-20完成 | 滚动常规 | q=0.70 | SOC：10807.5->10807.5 | 临时购电：10.9kWh | 总费用：50883.79元
2025-10-21完成 | 滚动常规 | q=0.70 | SOC：10807.5->10807.5 | 临时购电：33.9kWh | 总费用：52175.06元
2025-10-22完成 | 滚动常规 | q=0.70 | SOC：10807.5->10807.5 | 临时购电：31.6kWh | 总费用：50133.95元
2025-10-23完成 | 滚动常规 | q=0.70 | SOC：10807.5->10807.5 | 临时购电：21.9kWh | 总费用：50394.70元
2025-10-24完成 | 滚动常规 | q=0.70 | SOC：10807.5->10672.5 | 临时购电：46.5kWh | 总费用：19042.55元
2025-10-25完成 | 滚动常规 | q=0.70 | SOC：10672.5->10807.5 | 临时购电：48.7kWh | 总费用：19514.22元
2025-10-26完成 | 滚动常规 | q=0.70 | SOC：10807.5->10807.5 | 临时购电：24.9kWh | 总费用：51210.28元
2025-10-27完成 | 滚动常规 | q=0.70 | SOC：10807.5->10807.5 | 临时购电：13.1kWh | 总费用：50592.31元
2025-10-28完成 | 滚动常规 | q=0.70 | SOC：10807.5->10807.5 | 临时购电：28.7kWh | 总费用：50951.12元
2025-10-29完成 | 滚动常规 | q=0.70 | SOC：10807.5->10717.5 | 临时购电：22.8kWh | 总费用：49939.20元
2025-10-30完成 | 滚动常规 | q=0.70 | SOC：10717.5->10807.5 | 临时购电：20.8kWh | 总费用：51410.63元
2025-10-31完成 | 滚动常规 | q=0.70 | SOC：10807.5->10605.0 | 临时购电：72.9kWh | 总费用：19515.55元
2025-11-01完成 | 滚动常规 | q=0.70 | SOC：10605.0->10807.5 | 临时购电：58.8kWh | 总费用：19904.02元
2025-11-02完成 | 滚动常规 | q=0.70 | SOC：10807.5->10695.0 | 临时购电：20.7kWh | 总费用：52406.42元
2025-11-03完成 | 滚动常规 | q=0.70 | SOC：10695.0->10807.5 | 临时购电：19.8kWh | 总费用：52844.54元
2025-11-04完成 | 滚动常规 | q=0.70 | SOC：10807.5->10605.0 | 临时购电：36.7kWh | 总费用：52801.43元
2025-11-05完成 | 滚动常规 | q=0.70 | SOC：10605.0->10807.5 | 临时购电：6.5kWh | 总费用：53504.80元
2025-11-06完成 | 滚动常规 | q=0.70 | SOC：10807.5->10807.5 | 临时购电：28.7kWh | 总费用：53118.36元
2025-11-07完成 | 滚动常规 | q=0.70 | SOC：10807.5->10785.0 | 临时购电：81.8kWh | 总费用：20105.66元
2025-11-08完成 | 滚动常规 | q=0.70 | SOC：10785.0->10807.5 | 临时购电：61.8kWh | 总费用：20075.76元
2025-11-09完成 | 滚动常规 | q=0.70 | SOC：10807.5->10807.5 | 临时购电：20.5kWh | 总费用：54155.95元
2025-11-10完成 | 滚动常规 | q=0.70 | SOC：10807.5->10807.5 | 临时购电：46.6kWh | 总费用：54894.04元
2025-11-11完成 | 滚动常规 | q=0.70 | SOC：10807.5->10807.5 | 临时购电：3.3kWh | 总费用：54985.25元
2025-11-12完成 | 滚动常规 | q=0.70 | SOC：10807.5->10807.5 | 临时购电：13.8kWh | 总费用：55562.40元
2025-11-13完成 | 滚动常规 | q=0.70 | SOC：10807.5->10807.5 | 临时购电：22.1kWh | 总费用：54337.85元
2025-11-14完成 | 滚动常规 | q=0.70 | SOC：10807.5->10807.5 | 临时购电：55.7kWh | 总费用：21030.32元
2025-11-15完成 | 滚动常规 | q=0.70 | SOC：10807.5->10762.5 | 临时购电：82.1kWh | 总费用：21153.10元
2025-11-16完成 | 滚动常规 | q=0.70 | SOC：10762.5->10807.5 | 临时购电：17.9kWh | 总费用：56365.25元
2025-11-17完成 | 滚动常规 | q=0.70 | SOC：10807.5->10807.5 | 临时购电：24.9kWh | 总费用：56631.53元
2025-11-18完成 | 滚动常规 | q=0.70 | SOC：10807.5->10807.5 | 临时购电：16.0kWh | 总费用：56436.51元
2025-11-19完成 | 滚动常规 | q=0.70 | SOC：10807.5->10807.5 | 临时购电：18.9kWh | 总费用：56862.28元
2025-11-20完成 | 滚动常规 | q=0.70 | SOC：10807.5->10807.5 | 临时购电：20.6kWh | 总费用：57156.54元
2025-11-21完成 | 滚动常规 | q=0.70 | SOC：10807.5->10807.5 | 临时购电：93.1kWh | 总费用：21781.90元
2025-11-22完成 | 滚动常规 | q=0.70 | SOC：10807.5->10807.5 | 临时购电：45.5kWh | 总费用：21881.17元
2025-11-23完成 | 滚动常规 | q=0.70 | SOC：10807.5->10807.5 | 临时购电：27.7kWh | 总费用：58123.13元
2025-11-24完成 | 滚动常规 | q=0.70 | SOC：10807.5->10785.0 | 临时购电：21.9kWh | 总费用：57903.62元
2025-11-25完成 | 滚动常规 | q=0.70 | SOC：10785.0->10807.5 | 临时购电：22.7kWh | 总费用：57259.56元
2025-11-26完成 | 滚动常规 | q=0.70 | SOC：10807.5->10807.5 | 临时购电：15.4kWh | 总费用：57944.66元
2025-11-27完成 | 滚动常规 | q=0.70 | SOC：10807.5->10807.5 | 临时购电：10.6kWh | 总费用：58909.70元
2025-11-28完成 | 滚动常规 | q=0.70 | SOC：10807.5->10807.5 | 临时购电：28.4kWh | 总费用：22953.15元
2025-11-29完成 | 滚动常规 | q=0.70 | SOC：10807.5->10807.5 | 临时购电：41.6kWh | 总费用：22740.19元
2025-11-30完成 | 滚动常规 | q=0.70 | SOC：10807.5->10807.5 | 临时购电：25.2kWh | 总费用：59615.32元
2025-12-01完成 | 滚动常规 | q=0.70 | SOC：10807.5->10807.5 | 临时购电：1279.7kWh | 总费用：64820.81元
2025-12-02完成 | 滚动高风险 | q=0.85 | SOC：10807.5->10807.5 | 临时购电：1546.4kWh | 总费用：69305.55元
2025-12-03完成 | 滚动高风险 | q=0.85 | SOC：10807.5->10807.5 | 临时购电：203.2kWh | 总费用：62954.21元
2025-12-04完成 | 滚动高风险 | q=0.85 | SOC：10807.5->10807.5 | 临时购电：541.1kWh | 总费用：65206.43元
2025-12-05完成 | 滚动高风险 | q=0.85 | SOC：10807.5->10785.0 | 临时购电：108.9kWh | 总费用：27180.21元
2025-12-06完成 | 滚动常规 | q=0.70 | SOC：10785.0->10425.0 | 临时购电：2541.2kWh | 总费用：32088.59元
2025-12-07完成 | 滚动高风险 | q=0.85 | SOC：10425.0->10807.5 | 临时购电：34.2kWh | 总费用：65485.89元
2025-12-08完成 | 滚动高风险 | q=0.85 | SOC：10807.5->10807.5 | 临时购电：10.4kWh | 总费用：71146.47元
2025-12-09完成 | 滚动高风险 | q=0.85 | SOC：10807.5->10807.5 | 临时购电：15.7kWh | 总费用：70687.51元
2025-12-10完成 | 滚动常规 | q=0.70 | SOC：10807.5->10807.5 | 临时购电：71.4kWh | 总费用：66304.58元
2025-12-11完成 | 滚动常规 | q=0.70 | SOC：10807.5->10807.5 | 临时购电：42.9kWh | 总费用：66019.99元
2025-12-12完成 | 滚动常规 | q=0.70 | SOC：10807.5->10807.5 | 临时购电：126.8kWh | 总费用：28249.84元
2025-12-13完成 | 滚动常规 | q=0.70 | SOC：10807.5->10807.5 | 临时购电：82.5kWh | 总费用：28889.83元
2025-12-14完成 | 滚动常规 | q=0.70 | SOC：10807.5->10807.5 | 临时购电：27.6kWh | 总费用：67479.54元
2025-12-15完成 | 滚动常规 | q=0.70 | SOC：10807.5->10807.5 | 临时购电：0.7kWh | 总费用：69050.79元
2025-12-16完成 | 滚动常规 | q=0.70 | SOC：10807.5->10807.5 | 临时购电：5.7kWh | 总费用：68758.60元
2025-12-17完成 | 滚动常规 | q=0.70 | SOC：10807.5->10807.5 | 临时购电：9.4kWh | 总费用：68276.37元
2025-12-18完成 | 滚动常规 | q=0.70 | SOC：10807.5->10807.5 | 临时购电：29.2kWh | 总费用：67675.24元
2025-12-19完成 | 滚动常规 | q=0.70 | SOC：10807.5->10807.5 | 临时购电：32.1kWh | 总费用：30338.31元
2025-12-20完成 | 滚动常规 | q=0.70 | SOC：10807.5->10785.0 | 临时购电：26.9kWh | 总费用：29906.34元
2025-12-21完成 | 滚动常规 | q=0.70 | SOC：10785.0->10807.5 | 临时购电：5.2kWh | 总费用：68505.35元
2025-12-22完成 | 滚动常规 | q=0.70 | SOC：10807.5->10672.5 | 临时购电：16.3kWh | 总费用：68161.39元
2025-12-23完成 | 滚动常规 | q=0.70 | SOC：10672.5->10807.5 | 临时购电：12.9kWh | 总费用：68861.68元
2025-12-24完成 | 滚动常规 | q=0.70 | SOC：10807.5->10807.5 | 临时购电：21.3kWh | 总费用：68343.67元
2025-12-25完成 | 滚动常规 | q=0.70 | SOC：10807.5->10807.5 | 临时购电：16.4kWh | 总费用：68673.22元
2025-12-26完成 | 滚动常规 | q=0.70 | SOC：10807.5->10807.5 | 临时购电：24.2kWh | 总费用：30073.52元
2025-12-27完成 | 滚动常规 | q=0.70 | SOC：10807.5->10807.5 | 临时购电：41.6kWh | 总费用：30146.26元
2025-12-28完成 | 滚动常规 | q=0.70 | SOC：10807.5->10807.5 | 临时购电：12.5kWh | 总费用：68435.13元
2025-12-29完成 | 滚动常规 | q=0.70 | SOC：10807.5->10785.0 | 临时购电：12.6kWh | 总费用：68250.62元
2025-12-30完成 | 滚动常规 | q=0.70 | SOC：10785.0->10807.5 | 临时购电：6.5kWh | 总费用：67901.37元
2025-12-31完成 | 滚动常规 | q=0.70 | SOC：10807.5->10672.5 | 临时购电：6.2kWh | 总费用：67518.16元
